Component: ARM Compiler 5.05 update 2 (build 169) Tool: armlink [4d0f33]

==============================================================================

Section Cross References

    startup_stm32f10x_hd.o(RESET) refers to startup_stm32f10x_hd.o(STACK) for __initial_sp
    startup_stm32f10x_hd.o(RESET) refers to startup_stm32f10x_hd.o(.text) for Reset_Handler
    startup_stm32f10x_hd.o(RESET) refers to stm32f10x_it.o(.text) for NMI_Handler
    startup_stm32f10x_hd.o(.text) refers to system_stm32f10x.o(.text) for SystemInit
    startup_stm32f10x_hd.o(.text) refers to entry.o(.ARM.Collect$$$$00000000) for __main
    system_stm32f10x.o(.text) refers to system_stm32f10x.o(.data) for SystemCoreClock
    stm32f10x_adc.o(.text) refers to stm32f10x_rcc.o(.text) for RCC_APB2PeriphResetCmd
    stm32f10x_bkp.o(.text) refers to stm32f10x_rcc.o(.text) for RCC_BackupResetCmd
    stm32f10x_can.o(.text) refers to stm32f10x_rcc.o(.text) for RCC_APB1PeriphResetCmd
    stm32f10x_cec.o(.text) refers to stm32f10x_rcc.o(.text) for RCC_APB1PeriphResetCmd
    stm32f10x_dac.o(.text) refers to stm32f10x_rcc.o(.text) for RCC_APB1PeriphResetCmd
    stm32f10x_gpio.o(.text) refers to stm32f10x_rcc.o(.text) for RCC_APB2PeriphResetCmd
    stm32f10x_i2c.o(.text) refers to stm32f10x_rcc.o(.text) for RCC_APB1PeriphResetCmd
    stm32f10x_pwr.o(.text) refers to stm32f10x_rcc.o(.text) for RCC_APB1PeriphResetCmd
    stm32f10x_rcc.o(.text) refers to stm32f10x_rcc.o(.data) for APBAHBPrescTable
    stm32f10x_spi.o(.text) refers to stm32f10x_rcc.o(.text) for RCC_APB2PeriphResetCmd
    stm32f10x_tim.o(.text) refers to stm32f10x_rcc.o(.text) for RCC_APB2PeriphResetCmd
    stm32f10x_usart.o(.text) refers to stm32f10x_rcc.o(.text) for RCC_APB2PeriphResetCmd
    stm32f10x_wwdg.o(.text) refers to stm32f10x_rcc.o(.text) for RCC_APB1PeriphResetCmd
    main.o(.text) refers to bsp_usart.o(.text) for USART_Config
    main.o(.text) refers to bsp_adc.o(.text) for ADCx_Init
    main.o(.text) refers to bsp_led.o(.text) for LED_GPIO_Config
    main.o(.text) refers to bsp_tim.o(.text) for BasicTIM_Init
    main.o(.text) refers to bsp_rtc.o(.text) for RTC_NVIC_Config
    main.o(.text) refers to printfa.o(i.__0printf) for __2printf
    main.o(.text) refers to logger.o(.text) for logger_init
    main.o(.text) refers to ffltui.o(.text) for __aeabi_ui2f
    main.o(.text) refers to fdiv.o(.text) for __aeabi_fdiv
    main.o(.text) refers to f2d.o(.text) for __aeabi_f2d
    main.o(.text) refers to dmul.o(.text) for __aeabi_dmul
    main.o(.text) refers to d2f.o(.text) for __aeabi_d2f
    main.o(.text) refers to cfrcmple.o(.text) for __aeabi_cfrcmple
    main.o(.text) refers to stm32f10x_gpio.o(.text) for GPIO_ResetBits
    main.o(.text) refers to delay.o(.text) for Delay
    main.o(.text) refers to stm32f10x_pwr.o(.text) for PWR_EnterSTOPMode
    main.o(.text) refers to system_stm32f10x.o(.text) for SystemInit
    main.o(.text) refers to bsp_rtc.o(.data) for rtc_alarm_triggered
    main.o(.text) refers to main.o(.data) for worktime
    main.o(.text) refers to bsp_adc.o(.data) for ADC_ConvertedValue
    main.o(.text) refers to bsp_tim.o(.data) for led_timer_count
    stm32f10x_it.o(.text) refers to bsp_sdio_sdcard.o(.text) for SD_ProcessIRQSrc
    stm32f10x_it.o(.text) refers to stm32f10x_tim.o(.text) for TIM_GetITStatus
    stm32f10x_it.o(.text) refers to stm32f10x_gpio.o(.text) for GPIO_SetBits
    stm32f10x_it.o(.text) refers to bsp_rtc.o(.text) for BSP_RTCAlarm_IRQHandler_2
    stm32f10x_it.o(.text) refers to bsp_tim.o(.data) for led_timer_count
    diskio.o(.text) refers to bsp_sdio_sdcard.o(.text) for SD_Init
    diskio.o(.text) refers to memcpya.o(.text) for __aeabi_memcpy
    diskio.o(.text) refers to uldiv.o(.text) for __aeabi_uldivmod
    diskio.o(.text) refers to bsp_sdio_sdcard.o(.bss) for SDCardInfo
    ff.o(.text) refers to diskio.o(.text) for disk_write
    ff.o(.text) refers to unicode.o(.text) for ff_wtoupper
    ff.o(.text) refers to ff.o(.constdata) for LfnOfs
    ff.o(.text) refers to printfa.o(i.__0printf) for __2printf
    ff.o(.text) refers to ff.o(.data) for FatFs
    ff.o(.text) refers to ff.o(.bss) for LfnBuf
    unicode.o(.text) refers to unicode.o(.constdata) for Tbl
    bsp_tim.o(.text) refers to misc.o(.text) for NVIC_PriorityGroupConfig
    bsp_tim.o(.text) refers to stm32f10x_rcc.o(.text) for RCC_APB1PeriphClockCmd
    bsp_tim.o(.text) refers to stm32f10x_tim.o(.text) for TIM_TimeBaseInit
    bsp_rtc.o(.text) refers to stm32f10x_exti.o(.text) for EXTI_ClearITPendingBit
    bsp_rtc.o(.text) refers to misc.o(.text) for NVIC_PriorityGroupConfig
    bsp_rtc.o(.text) refers to stm32f10x_rcc.o(.text) for RCC_APB1PeriphClockCmd
    bsp_rtc.o(.text) refers to stm32f10x_pwr.o(.text) for PWR_BackupAccessCmd
    bsp_rtc.o(.text) refers to stm32f10x_bkp.o(.text) for BKP_DeInit
    bsp_rtc.o(.text) refers to stm32f10x_rtc.o(.text) for RTC_WaitForSynchro
[...]
    ..\..\Libraries\FWlib\src\stm32f10x_bkp.c 0x00000000   Number         0  stm32f10x_bkp.o ABSOLUTE
    ..\..\Libraries\FWlib\src\stm32f10x_can.c 0x00000000   Number         0  stm32f10x_can.o ABSOLUTE
    ..\..\Libraries\FWlib\src\stm32f10x_cec.c 0x00000000   Number         0  stm32f10x_cec.o ABSOLUTE
    ..\..\Libraries\FWlib\src\stm32f10x_crc.c 0x00000000   Number         0  stm32f10x_crc.o ABSOLUTE
    ..\..\Libraries\FWlib\src\stm32f10x_dac.c 0x00000000   Number         0  stm32f10x_dac.o ABSOLUTE
    ..\..\Libraries\FWlib\src\stm32f10x_dbgmcu.c 0x00000000   Number         0  stm32f10x_dbgmcu.o ABSOLUTE
    ..\..\Libraries\FWlib\src\stm32f10x_dma.c 0x00000000   Number         0  stm32f10x_dma.o ABSOLUTE
    ..\..\Libraries\FWlib\src\stm32f10x_exti.c 0x00000000   Number         0  stm32f10x_exti.o ABSOLUTE
    ..\..\Libraries\FWlib\src\stm32f10x_flash.c 0x00000000   Number         0  stm32f10x_flash.o ABSOLUTE
    ..\..\Libraries\FWlib\src\stm32f10x_fsmc.c 0x00000000   Number         0  stm32f10x_fsmc.o ABSOLUTE
    ..\..\Libraries\FWlib\src\stm32f10x_gpio.c 0x00000000   Number         0  stm32f10x_gpio.o ABSOLUTE
    ..\..\Libraries\FWlib\src\stm32f10x_i2c.c 0x00000000   Number         0  stm32f10x_i2c.o ABSOLUTE
    ..\..\Libraries\FWlib\src\stm32f10x_iwdg.c 0x00000000   Number         0  stm32f10x_iwdg.o ABSOLUTE
    ..\..\Libraries\FWlib\src\stm32f10x_pwr.c 0x00000000   Number         0  stm32f10x_pwr.o ABSOLUTE
    ..\..\Libraries\FWlib\src\stm32f10x_rcc.c 0x00000000   Number         0  stm32f10x_rcc.o ABSOLUTE
    ..\..\Libraries\FWlib\src\stm32f10x_rtc.c 0x00000000   Number         0  stm32f10x_rtc.o ABSOLUTE
    ..\..\Libraries\FWlib\src\stm32f10x_sdio.c 0x00000000   Number         0  stm32f10x_sdio.o ABSOLUTE
    ..\..\Libraries\FWlib\src\stm32f10x_spi.c 0x00000000   Number         0  stm32f10x_spi.o ABSOLUTE
    ..\..\Libraries\FWlib\src\stm32f10x_tim.c 0x00000000   Number         0  stm32f10x_tim.o ABSOLUTE
    ..\..\Libraries\FWlib\src\stm32f10x_usart.c 0x00000000   Number         0  stm32f10x_usart.o ABSOLUTE
    ..\..\Libraries\FWlib\src\stm32f10x_wwdg.c 0x00000000   Number         0  stm32f10x_wwdg.o ABSOLUTE
    ..\..\User\adc\bsp_adc.c                 0x00000000   Number         0  bsp_adc.o ABSOLUTE
    ..\..\User\beep\bsp_beep.c               0x00000000   Number         0  bsp_beep.o ABSOLUTE
    ..\..\User\delay\delay.c                 0x00000000   Number         0  delay.o ABSOLUTE
    ..\..\User\fafts\diskio.c                0x00000000   Number         0  diskio.o ABSOLUTE
    ..\..\User\fafts\ff.c                    0x00000000   Number         0  ff.o ABSOLUTE
    ..\..\User\fafts\option\unicode.c        0x00000000   Number         0  unicode.o ABSOLUTE
    ..\..\User\led\bsp_led.c                 0x00000000   Number         0  bsp_led.o ABSOLUTE
    ..\..\User\logger\logger.c               0x00000000   Number         0  logger.o ABSOLUTE
    ..\..\User\main.c                        0x00000000   Number         0  main.o ABSOLUTE
    ..\..\User\rtc\bsp_rtc.c                 0x00000000   Number         0  bsp_rtc.o ABSOLUTE
    ..\..\User\sdio\bsp_sdio_sdcard.c        0x00000000   Number         0  bsp_sdio_sdcard.o ABSOLUTE
    ..\..\User\sdio\sdio_test.c              0x00000000   Number         0  sdio_test.o ABSOLUTE
    ..\..\User\stm32f10x_it.c                0x00000000   Number         0  stm32f10x_it.o ABSOLUTE
    ..\..\User\tim\bsp_tim.c                 0x00000000   Number         0  bsp_tim.o ABSOLUTE
    ..\..\User\usart\bsp_usart.c             0x00000000   Number         0  bsp_usart.o ABSOLUTE
    ..\\..\\Libraries\\CMSIS\\core_cm3.c     0x00000000   Number         0  core_cm3.o ABSOLUTE
    cdrcmple.s                               0x00000000   Number         0  cdrcmple.o ABSOLUTE
    cfrcmple.s                               0x00000000   Number         0  cfrcmple.o ABSOLUTE
    dc.s                                     0x00000000   Number         0  dc.o ABSOLUTE
    handlers.s                               0x00000000   Number         0  handlers.o ABSOLUTE
    init.s                                   0x00000000   Number         0  init.o ABSOLUTE
    RESET                                    0x08000000   Section      304  startup_stm32f10x_hd.o(RESET)
    .ARM.Collect$$$$00000000                 0x08000130   Section        0  entry.o(.ARM.Collect$$$$00000000)
    .ARM.Collect$$$$00000001                 0x08000130   Section        4  entry2.o(.ARM.Collect$$$$00000001)
    .ARM.Collect$$$$00000004                 0x08000134   Section        4  entry5.o(.ARM.Collect$$$$00000004)
    .ARM.Collect$$$$00000008                 0x08000138   Section        0  entry7b.o(.ARM.Collect$$$$00000008)
    .ARM.Collect$$$$0000000A                 0x08000138   Section        0  entry8b.o(.ARM.Collect$$$$0000000A)
    .ARM.Collect$$$$0000000B                 0x08000138   Section        8  entry9a.o(.ARM.Collect$$$$0000000B)
    .ARM.Collect$$$$0000000D                 0x08000140   Section        0  entry10a.o(.ARM.Collect$$$$0000000D)
    .ARM.Collect$$$$0000000F                 0x08000140   Section        0  entry11a.o(.ARM.Collect$$$$0000000F)
    .ARM.Collect$$$$00002712                 0x08000140   Section        4  entry2.o(.ARM.Collect$$$$00002712)
    __lit__00000000                          0x08000140   Data           4  entry2.o(.ARM.Collect$$$$00002712)
    .text                                    0x08000144   Section       36  startup_stm32f10x_hd.o(.text)
    .text                                    0x08000168   Section        0  system_stm32f10x.o(.text)
    SetSysClockTo72                          0x08000169   Thumb Code   214  system_stm32f10x.o(.text)
    SetSysClock                              0x0800023f   Thumb Code     8  system_stm32f10x.o(.text)
    .text                                    0x08000348   Section        0  misc.o(.text)
    .text                                    0x08000424   Section        0  stm32f10x_adc.o(.text)
    .text                                    0x08000874   Section        0  stm32f10x_bkp.o(.text)
    .text                                    0x08000938   Section        0  stm32f10x_dma.o(.text)
    .text                                    0x08000b8c   Section        0  stm32f10x_exti.o(.text)
    .text                                    0x08000ca8   Section        0  stm32f10x_gpio.o(.text)
    .text                                    0x08001004   Section        0  stm32f10x_pwr.o(.text)
    .text                                    0x080010d0   Section        0  stm32f10x_rcc.o(.text)
    .text                                    0x08001474   Section        0  stm32f10x_rtc.o(.text)
    .text                                    0x080015bc   Section        0  stm32f10x_sdio.o(.text)
    .text                                    0x08001790   Section        0  stm32f10x_tim.o(.text)
    TI4_Config                               0x08001c37   Thumb Code   130  stm32f10x_tim.o(.text)
    TI3_Config                               0x08001ccb   Thumb Code   122  stm32f10x_tim.o(.text)
    TI2_Config                               0x08001d5f   Thumb Code   130  stm32f10x_tim.o(.text)
    TI1_Config                               0x08001df3   Thumb Code   108  stm32f10x_tim.o(.text)
    .text                                    0x080025ac   Section        0  stm32f10x_usart.o(.text)
    .text                                    0x080029b4   Section        0  main.o(.text)
    .text                                    0x08002b6c   Section        0  stm32f10x_it.o(.text)
    .text                                    0x08002bd8   Section        0  delay.o(.text)
    .text                                    0x08002bec   Section        0  diskio.o(.text)
    .text                                    0x08002dcc   Section        0  ff.o(.text)
    mem_cpy                                  0x08002dcd   Thumb Code    26  ff.o(.text)
    mem_set                                  0x08002de7   Thumb Code    20  ff.o(.text)
    mem_cmp                                  0x08002dfb   Thumb Code    38  ff.o(.text)
    chk_chr                                  0x08002e21   Thumb Code    20  ff.o(.text)
    sync_window                              0x08002e35   Thumb Code    82  ff.o(.text)
    move_window                              0x08002e87   Thumb Code    52  ff.o(.text)
    sync_fs                                  0x08002ebb   Thumb Code   200  ff.o(.text)
    remove_chain                             0x08003263   Thumb Code   108  ff.o(.text)
    create_chain                             0x080032cf   Thumb Code   214  ff.o(.text)
    dir_sdi                                  0x080033a5   Thumb Code   200  ff.o(.text)
    dir_next                                 0x0800346d   Thumb Code   314  ff.o(.text)
    dir_alloc                                0x080035a7   Thumb Code    92  ff.o(.text)
    ld_clust                                 0x08003603   Thumb Code    32  ff.o(.text)
    st_clust                                 0x08003623   Thumb Code    16  ff.o(.text)
    cmp_lfn                                  0x08003633   Thumb Code   154  ff.o(.text)
    pick_lfn                                 0x080036cd   Thumb Code   124  ff.o(.text)
    fit_lfn                                  0x08003749   Thumb Code   122  ff.o(.text)
    gen_numname                              0x080037c3   Thumb Code   176  ff.o(.text)
    sum_sfn                                  0x08003873   Thumb Code    32  ff.o(.text)
    dir_find                                 0x08003893   Thumb Code   234  ff.o(.text)
    dir_read                                 0x0800397d   Thumb Code   208  ff.o(.text)
    dir_register                             0x08003a4d   Thumb Code   298  ff.o(.text)
    dir_remove                               0x08003b77   Thumb Code   106  ff.o(.text)
    get_fileinfo                             0x08003be1   Thumb Code   258  ff.o(.text)
    create_name                              0x08003ce3   Thumb Code   534  ff.o(.text)
    follow_path                              0x08003ef9   Thumb Code   144  ff.o(.text)
    get_ldnumber                             0x08003f89   Thumb Code    74  ff.o(.text)
    check_fs                                 0x08003fd3   Thumb Code   140  ff.o(.text)
    find_volume                              0x0800405f   Thumb Code  1056  ff.o(.text)
    validate                                 0x0800447f   Thumb Code    50  ff.o(.text)
    putc_bfd                                 0x08005a57   Thumb Code    68  ff.o(.text)
    .text                                    0x08005dd4   Section        0  unicode.o(.text)
    .text                                    0x08005e7c   Section        0  bsp_tim.o(.text)
    BASIC_TIM_NVIC_Config                    0x08005e7d   Thumb Code    42  bsp_tim.o(.text)
    BasicTIM_Config                          0x08005ea7   Thumb Code    62  bsp_tim.o(.text)
    .text                                    0x08005ef4   Section        0  bsp_rtc.o(.text)
    .text                                    0x08006028   Section        0  bsp_adc.o(.text)
    ADCx_GPIO_Config                         0x08006029   Thumb Code    32  bsp_adc.o(.text)
    ADCx_Mode_Config                         0x08006049   Thumb Code   226  bsp_adc.o(.text)
    .text                                    0x08006148   Section        0  bsp_led.o(.text)
    .text                                    0x08006230   Section        0  bsp_usart.o(.text)
    NVIC_Configuration                       0x08006231   Thumb Code    38  bsp_usart.o(.text)
    .text                                    0x080063d4   Section        0  bsp_sdio_sdcard.o(.text)
    NVIC_Configuration                       0x08006417   Thumb Code    40  bsp_sdio_sdcard.o(.text)
    SD_DMAEndOfTransferStatus                0x0800643f   Thumb Code    10  bsp_sdio_sdcard.o(.text)
    SD_DMA_RxConfig                          0x08006449   Thumb Code    86  bsp_sdio_sdcard.o(.text)
    SD_DMA_TxConfig                          0x0800649f   Thumb Code    86  bsp_sdio_sdcard.o(.text)
    GPIO_Configuration                       0x080064f5   Thumb Code    70  bsp_sdio_sdcard.o(.text)
    CmdResp1Error                            0x0800653b   Thumb Code    40  bsp_sdio_sdcard.o(.text)
    FindSCR                                  0x08006563   Thumb Code   396  bsp_sdio_sdcard.o(.text)
    SDEnWideBus                              0x080066ef   Thumb Code   310  bsp_sdio_sdcard.o(.text)
    CmdResp2Error                            0x08006bdb   Thumb Code    98  bsp_sdio_sdcard.o(.text)
    CmdResp6Error                            0x08006c3d   Thumb Code   152  bsp_sdio_sdcard.o(.text)
    CmdResp3Error                            0x08006dfb   Thumb Code    52  bsp_sdio_sdcard.o(.text)
    CmdResp7Error                            0x08006e2f   Thumb Code    72  bsp_sdio_sdcard.o(.text)
    CmdError                                 0x08006e77   Thumb Code    44  bsp_sdio_sdcard.o(.text)
    IsCardProgramming                        0x08007783   Thumb Code   434  bsp_sdio_sdcard.o(.text)
    .text                                    0x08007ad0   Section        0  logger.o(.text)
    .text                                    0x08007e60   Section        0  uldiv.o(.text)
    .text                                    0x08007ec2   Section        0  memcpya.o(.text)
    .text                                    0x08007ee6   Section        0  strlen.o(.text)
    .text                                    0x08007ef4   Section        0  fdiv.o(.text)
    .text                                    0x08007f70   Section        0  dmul.o(.text)
    .text                                    0x08008054   Section        0  ffltui.o(.text)
    .text                                    0x0800805e   Section        0  f2d.o(.text)
    .text                                    0x08008084   Section        0  d2f.o(.text)
    .text                                    0x080080bc   Section       20  cfrcmple.o(.text)
    .text                                    0x080080d0   Section        0  uidiv.o(.text)
    .text                                    0x080080fc   Section        0  llshl.o(.text)
    .text                                    0x0800811a   Section        0  llushr.o(.text)
    .text                                    0x0800813a   Section        0  fepilogue.o(.text)
    .text                                    0x0800813a   Section        0  iusefp.o(.text)
    .text                                    0x080081a8   Section        0  depilogue.o(.text)
    .text                                    0x08008262   Section        0  dadd.o(.text)
    .text                                    0x080083b0   Section        0  ddiv.o(.text)
    .text                                    0x0800848e   Section        0  dfixul.o(.text)
    .text                                    0x080084c0   Section       48  cdrcmple.o(.text)
    .text                                    0x080084f0   Section       36  init.o(.text)
    .text                                    0x08008514   Section        0  llsshr.o(.text)
    i.__0printf                              0x08008538   Section        0  printfa.o(i.__0printf)
    i.__0sprintf                             0x08008558   Section        0  printfa.o(i.__0sprintf)
    i.__scatterload_copy                     0x08008580   Section       14  handlers.o(i.__scatterload_copy)
    i.__scatterload_null                     0x0800858e   Section        2  handlers.o(i.__scatterload_null)
    i.__scatterload_zeroinit                 0x08008590   Section       14  handlers.o(i.__scatterload_zeroinit)
    i._fp_digits                             0x080085a0   Section        0  printfa.o(i._fp_digits)
    _fp_digits                               0x080085a1   Thumb Code   334  printfa.o(i._fp_digits)
    i._printf_core                           0x08008704   Section        0  printfa.o(i._printf_core)
    _printf_core                             0x08008705   Thumb Code  1744  printfa.o(i._printf_core)
    i._printf_post_padding                   0x08008de0   Section        0  printfa.o(i._printf_post_padding)
    _printf_post_padding                     0x08008de1   Thumb Code    36  printfa.o(i._printf_post_padding)
    i._printf_pre_padding                    0x08008e04   Section        0  printfa.o(i._printf_pre_padding)
    _printf_pre_padding                      0x08008e05   Thumb Code    46  printfa.o(i._printf_pre_padding)
    i._sputc                                 0x08008e32   Section        0  printfa.o(i._sputc)
    _sputc                                   0x08008e33   Thumb Code    10  printfa.o(i._sputc)
    .constdata                               0x08008e3c   Section      186  ff.o(.constdata)
    ExCvt                                    0x08008e3c   Data         128  ff.o(.constdata)
    LfnOfs                                   0x08008ebc   Data          13  ff.o(.constdata)
    vst                                      0x08008eca   Data          22  ff.o(.constdata)
    cst                                      0x08008ee0   Data          22  ff.o(.constdata)
    .constdata                               0x08008ef6   Section     2232  unicode.o(.constdata)
    Tbl                                      0x08008ef6   Data         256  unicode.o(.constdata)
    lower                                    0x08008ff6   Data         988  unicode.o(.constdata)
    upper                                    0x080093d2   Data         988  unicode.o(.constdata)
    .data                                    0x20000000   Section       20  system_stm32f10x.o(.data)
    .data                                    0x20000014   Section       20  stm32f10x_rcc.o(.data)
    APBAHBPrescTable                         0x20000014   Data          16  stm32f10x_rcc.o(.data)
    ADCPrescTable                            0x20000024   Data           4  stm32f10x_rcc.o(.data)
    .data                                    0x20000028   Section       12  main.o(.data)
    .data                                    0x20000034   Section       10  ff.o(.data)
    FatFs                                    0x20000034   Data           8  ff.o(.data)
    Fsid                                     0x2000003c   Data           2  ff.o(.data)
    .data                                    0x2000003e   Section        1  bsp_tim.o(.data)
    .data                                    0x2000003f   Section        1  bsp_rtc.o(.data)
    .data                                    0x20000040   Section        2  bsp_adc.o(.data)
    .data                                    0x20000044   Section       20  bsp_sdio_sdcard.o(.data)
    CardType                                 0x20000044   Data           4  bsp_sdio_sdcard.o(.data)
    RCA                                      0x20000048   Data           4  bsp_sdio_sdcard.o(.data)
    .data                                    0x20000058   Section       12  logger.o(.data)
    current_state                            0x20000058   Data           1  logger.o(.data)
    buffer_index                             0x2000005a   Data           2  logger.o(.data)
    .data                                    0x20000064   Section        4  stdout.o(.data)
    .bss                                     0x20000068   Section      512  ff.o(.bss)
    LfnBuf                                   0x20000068   Data         512  ff.o(.bss)
    .bss                                     0x20000268   Section      204  bsp_sdio_sdcard.o(.bss)
    CSD_Tab                                  0x20000268   Data          16  bsp_sdio_sdcard.o(.bss)
    CID_Tab                                  0x20000278   Data          16  bsp_sdio_sdcard.o(.bss)
    SDSTATUS_Tab                             0x20000288   Data          16  bsp_sdio_sdcard.o(.bss)
    .bss                                     0x20000334   Section     9500  logger.o(.bss)
    STACK                                    0x20002850   Section     1024  startup_stm32f10x_hd.o(STACK)

    Global Symbols

    Symbol Name                              Value     Ov Type        Size  Object(Section)

    BuildAttributes$$THM_ISAv4$P$D$K$B$S$PE$A:L22UL41UL21$X:L11$S22US41US21$IEEE1$IW$USESV6$~STKCKD$USESV7$~SHL$OTIME$ROPI$EBA8$MICROLIB$REQ8$PRES8$EABIv2 0x00000000   Number         0  anon$$obj.o ABSOLUTE
    __ARM_use_no_argv                        0x00000000   Number         0  main.o ABSOLUTE
    _printf_a                                0x00000000   Number         0  stubs.o ABSOLUTE
    _printf_c                                0x00000000   Number         0  stubs.o ABSOLUTE
    _printf_charcount                        0x00000000   Number         0  stubs.o ABSOLUTE
    _printf_d                                0x00000000   Number         0  stubs.o ABSOLUTE
    _printf_e                                0x00000000   Number         0  stubs.o ABSOLUTE
    _printf_f                                0x00000000   Number         0  stubs.o ABSOLUTE
    _printf_flags                            0x00000000   Number         0  stubs.o ABSOLUTE
    _printf_fp_dec                           0x00000000   Number         0  stubs.o ABSOLUTE
    _printf_fp_hex                           0x00000000   Number         0  stubs.o ABSOLUTE
    _printf_g                                0x00000000   Number         0  stubs.o ABSOLUTE
    _printf_i                                0x00000000   Number         0  stubs.o ABSOLUTE
    _printf_int_dec                          0x00000000   Number         0  stubs.o ABSOLUTE
    _printf_l                                0x00000000   Number         0  stubs.o ABSOLUTE
    _printf_lc                               0x00000000   Number         0  stubs.o ABSOLUTE
    _printf_ll                               0x00000000   Number         0  stubs.o ABSOLUTE
    _printf_lld                              0x00000000   Number         0  stubs.o ABSOLUTE
    _printf_lli                              0x00000000   Number         0  stubs.o ABSOLUTE
    _printf_llo                              0x00000000   Number         0  stubs.o ABSOLUTE
    _printf_llu                              0x00000000   Number         0  stubs.o ABSOLUTE
    _printf_llx                              0x00000000   Number         0  stubs.o ABSOLUTE
    _printf_longlong_dec                     0x00000000   Number         0  stubs.o ABSOLUTE
    _printf_longlong_hex                     0x00000000   Number         0  stubs.o ABSOLUTE
    _printf_longlong_oct                     0x00000000   Number         0  stubs.o ABSOLUTE
    _printf_ls                               0x00000000   Number         0  stubs.o ABSOLUTE
    _printf_mbtowc                           0x00000000   Number         0  stubs.o ABSOLUTE
    _printf_n                                0x00000000   Number         0  stubs.o ABSOLUTE
    _printf_o                                0x00000000   Number         0  stubs.o ABSOLUTE
    _printf_p                                0x00000000   Number         0  stubs.o ABSOLUTE
    _printf_percent                          0x00000000   Number         0  stubs.o ABSOLUTE
    _printf_pre_padding                      0x00000000   Number         0  stubs.o ABSOLUTE
    _printf_return_value                     0x00000000   Number         0  stubs.o ABSOLUTE
    _printf_s                                0x00000000   Number         0  stubs.o ABSOLUTE
    _printf_sizespec                         0x00000000   Number         0  stubs.o ABSOLUTE
    _printf_str                              0x00000000   Number         0  stubs.o ABSOLUTE
    _printf_truncate_signed                  0x00000000   Number         0  stubs.o ABSOLUTE
    _printf_truncate_unsigned                0x00000000   Number         0  stubs.o ABSOLUTE
    _printf_u                                0x00000000   Number         0  stubs.o ABSOLUTE
    _printf_wc                               0x00000000   Number         0  stubs.o ABSOLUTE
    _printf_wctomb                           0x00000000   Number         0  stubs.o ABSOLUTE
    _printf_widthprec                        0x00000000   Number         0  stubs.o ABSOLUTE
    _printf_x                                0x00000000   Number         0  stubs.o ABSOLUTE
    __cpp_initialize__aeabi_                  - Undefined Weak Reference
    __cxa_finalize                            - Undefined Weak Reference
    __decompress                              - Undefined Weak Reference
    _clock_init                               - Undefined Weak Reference
    _microlib_exit                            - Undefined Weak Reference
    __Vectors_Size                           0x00000130   Number         0  startup_stm32f10x_hd.o ABSOLUTE
    __Vectors                                0x08000000   Data           4  startup_stm32f10x_hd.o(RESET)
    __Vectors_End                            0x08000130   Data           0  startup_stm32f10x_hd.o(RESET)
    __main                                   0x08000131   Thumb Code     0  entry.o(.ARM.Collect$$$$00000000)
    _main_stk                                0x08000131   Thumb Code     0  entry2.o(.ARM.Collect$$$$00000001)
    _main_scatterload                        0x08000135   Thumb Code     0  entry5.o(.ARM.Collect$$$$00000004)
    __main_after_scatterload                 0x08000139   Thumb Code     0  entry5.o(.ARM.Collect$$$$00000004)
    _main_clock                              0x08000139   Thumb Code     0  entry7b.o(.ARM.Collect$$$$00000008)
    _main_cpp_init                           0x08000139   Thumb Code     0  entry8b.o(.ARM.Collect$$$$0000000A)
    _main_init                               0x08000139   Thumb Code     0  entry9a.o(.ARM.Collect$$$$0000000B)
    __rt_final_cpp                           0x08000141   Thumb Code     0  entry10a.o(.ARM.Collect$$$$0000000D)
    __rt_final_exit                          0x08000141   Thumb Code     0  entry11a.o(.ARM.Collect$$$$0000000F)
    Reset_Handler                            0x08000145   Thumb Code     8  startup_stm32f10x_hd.o(.text)
    ADC1_2_IRQHandler                        0x0800015f   Thumb Code     0  startup_stm32f10x_hd.o(.text)
    ADC3_IRQHandler                          0x0800015f   Thumb Code     0  startup_stm32f10x_hd.o(.text)
    CAN1_RX1_IRQHandler                      0x0800015f   Thumb Code     0  startup_stm32f10x_hd.o(.text)
    CAN1_SCE_IRQHandler                      0x0800015f   Thumb Code     0  startup_stm32f10x_hd.o(.text)
    DMA1_Channel1_IRQHandler                 0x0800015f   Thumb Code     0  startup_stm32f10x_hd.o(.text)
    DMA1_Channel2_IRQHandler                 0x0800015f   Thumb Code     0  startup_stm32f10x_hd.o(.text)
    DMA1_Channel3_IRQHandler                 0x0800015f   Thumb Code     0  startup_stm32f10x_hd.o(.text)
    DMA1_Channel4_IRQHandler                 0x0800015f   Thumb Code     0  startup_stm32f10x_hd.o(.text)
    DMA1_Channel5_IRQHandler                 0x0800015f   Thumb Code     0  startup_stm32f10x_hd.o(.text)
    DMA1_Channel6_IRQHandler                 0x0800015f   Thumb Code     0  startup_stm32f10x_hd.o(.text)
    DMA1_Channel7_IRQHandler                 0x0800015f   Thumb Code     0  startup_stm32f10x_hd.o(.text)
    DMA2_Channel1_IRQHandler                 0x0800015f   Thumb Code     0  startup_stm32f10x_hd.o(.text)
    DMA2_Channel2_IRQHandler                 0x0800015f   Thumb Code     0  startup_stm32f10x_hd.o(.text)
    DMA2_Channel3_IRQHandler                 0x0800015f   Thumb Code     0  startup_stm32f10x_hd.o(.text)
    DMA2_Channel4_5_IRQHandler               0x0800015f   Thumb Code     0  startup_stm32f10x_hd.o(.text)
    EXTI0_IRQHandler                         0x0800015f   Thumb Code     0  startup_stm32f10x_hd.o(.text)
    EXTI15_10_IRQHandler                     0x0800015f   Thumb Code     0  startup_stm32f10x_hd.o(.text)
    EXTI1_IRQHandler                         0x0800015f   Thumb Code     0  startup_stm32f10x_hd.o(.text)
    EXTI2_IRQHandler                         0x0800015f   Thumb Code     0  startup_stm32f10x_hd.o(.text)
    EXTI3_IRQHandler                         0x0800015f   Thumb Code     0  startup_stm32f10x_hd.o(.text)
    EXTI4_IRQHandler                         0x0800015f   Thumb Code     0  startup_stm32f10x_hd.o(.text)
    EXTI9_5_IRQHandler                       0x0800015f   Thumb Code     0  startup_stm32f10x_hd.o(.text)
    FLASH_IRQHandler                         0x0800015f   Thumb Code     0  startup_stm32f10x_hd.o(.text)
    FSMC_IRQHandler                          0x0800015f   Thumb Code     0  startup_stm32f10x_hd.o(.text)
    I2C1_ER_IRQHandler                       0x0800015f   Thumb Code     0  startup_stm32f10x_hd.o(.text)
    I2C1_EV_IRQHandler                       0x0800015f   Thumb Code     0  startup_stm32f10x_hd.o(.text)
    I2C2_ER_IRQHandler                       0x0800015f   Thumb Code     0  startup_stm32f10x_hd.o(.text)
    I2C2_EV_IRQHandler                       0x0800015f   Thumb Code     0  startup_stm32f10x_hd.o(.text)
    PVD_IRQHandler                           0x0800015f   Thumb Code     0  startup_stm32f10x_hd.o(.text)
    RCC_IRQHandler                           0x0800015f   Thumb Code     0  startup_stm32f10x_hd.o(.text)
    RTC_IRQHandler                           0x0800015f   Thumb Code     0  startup_stm32f10x_hd.o(.text)
    SPI1_IRQHandler                          0x0800015f   Thumb Code     0  startup_stm32f10x_hd.o(.text)
    SPI2_IRQHandler                          0x0800015f   Thumb Code     0  startup_stm32f10x_hd.o(.text)
    SPI3_IRQHandler                          0x0800015f   Thumb Code     0  startup_stm32f10x_hd.o(.text)
    TAMPER_IRQHandler                        0x0800015f   Thumb Code     0  startup_stm32f10x_hd.o(.text)
    TIM1_BRK_IRQHandler                      0x0800015f   Thumb Code     0  startup_stm32f10x_hd.o(.text)
    TIM1_CC_IRQHandler                       0x0800015f   Thumb Code     0  startup_stm32f10x_hd.o(.text)
    TIM1_TRG_COM_IRQHandler                  0x0800015f   Thumb Code     0  startup_stm32f10x_hd.o(.text)
    TIM1_UP_IRQHandler                       0x0800015f   Thumb Code     0  startup_stm32f10x_hd.o(.text)
    TIM2_IRQHandler                          0x0800015f   Thumb Code     0  startup_stm32f10x_hd.o(.text)
    TIM3_IRQHandler                          0x0800015f   Thumb Code     0  startup_stm32f10x_hd.o(.text)
    TIM4_IRQHandler                          0x0800015f   Thumb Code     0  startup_stm32f10x_hd.o(.text)
    TIM5_IRQHandler                          0x0800015f   Thumb Code     0  startup_stm32f10x_hd.o(.text)
    TIM7_IRQHandler                          0x0800015f   Thumb Code     0  startup_stm32f10x_hd.o(.text)
    TIM8_BRK_IRQHandler                      0x0800015f   Thumb Code     0  startup_stm32f10x_hd.o(.text)
    TIM8_CC_IRQHandler                       0x0800015f   Thumb Code     0  startup_stm32f10x_hd.o(.text)
    TIM8_TRG_COM_IRQHandler                  0x0800015f   Thumb Code     0  startup_stm32f10x_hd.o(.text)
    TIM8_UP_IRQHandler                       0x0800015f   Thumb Code     0  startup_stm32f10x_hd.o(.text)
    UART4_IRQHandler                         0x0800015f   Thumb Code     0  startup_stm32f10x_hd.o(.text)
    UART5_IRQHandler                         0x0800015f   Thumb Code     0  startup_stm32f10x_hd.o(.text)
    USART1_IRQHandler                        0x0800015f   Thumb Code     0  startup_stm32f10x_hd.o(.text)
    USART2_IRQHandler                        0x0800015f   Thumb Code     0  startup_stm32f10x_hd.o(.text)
    USART3_IRQHandler                        0x0800015f   Thumb Code     0  startup_stm32f10x_hd.o(.text)
    USBWakeUp_IRQHandler                     0x0800015f   Thumb Code     0  startup_stm32f10x_hd.o(.text)
    USB_HP_CAN1_TX_IRQHandler                0x0800015f   Thumb Code     0  startup_stm32f10x_hd.o(.text)
    USB_LP_CAN1_RX0_IRQHandler               0x0800015f   Thumb Code     0  startup_stm32f10x_hd.o(.text)
    WWDG_IRQHandler                          0x0800015f   Thumb Code     0  startup_stm32f10x_hd.o(.text)
    SystemInit                               0x08000247   Thumb Code    78  system_stm32f10x.o(.text)
    SystemCoreClockUpdate                    0x08000295   Thumb Code   142  system_stm32f10x.o(.text)
    NVIC_PriorityGroupConfig                 0x08000349   Thumb Code    10  misc.o(.text)
    NVIC_Init                                0x08000353   Thumb Code   100  misc.o(.text)
    NVIC_SetVectorTable                      0x080003b7   Thumb Code    14  misc.o(.text)
    NVIC_SystemLPConfig                      0x080003c5   Thumb Code    34  misc.o(.text)
    SysTick_CLKSourceConfig                  0x080003e7   Thumb Code    40  misc.o(.text)
    ADC_DeInit                               0x08000425   Thumb Code    78  stm32f10x_adc.o(.text)
    ADC_Init                                 0x08000473   Thumb Code    70  stm32f10x_adc.o(.text)
    ADC_StructInit                           0x080004b9   Thumb Code    18  stm32f10x_adc.o(.text)
    ADC_Cmd                                  0x080004cb   Thumb Code    22  stm32f10x_adc.o(.text)
    ADC_DMACmd                               0x080004e1   Thumb Code    22  stm32f10x_adc.o(.text)
    ADC_ITConfig                             0x080004f7   Thumb Code    24  stm32f10x_adc.o(.text)
    ADC_ResetCalibration                     0x0800050f   Thumb Code    10  stm32f10x_adc.o(.text)
    ADC_GetResetCalibrationStatus            0x08000519   Thumb Code    20  stm32f10x_adc.o(.text)
    ADC_StartCalibration                     0x0800052d   Thumb Code    10  stm32f10x_adc.o(.text)
    ADC_GetCalibrationStatus                 0x08000537   Thumb Code    20  stm32f10x_adc.o(.text)
    ADC_SoftwareStartConvCmd                 0x0800054b   Thumb Code    22  stm32f10x_adc.o(.text)
    ADC_GetSoftwareStartConvStatus           0x08000561   Thumb Code    20  stm32f10x_adc.o(.text)
    ADC_DiscModeChannelCountConfig           0x08000575   Thumb Code    24  stm32f10x_adc.o(.text)
    ADC_DiscModeCmd                          0x0800058d   Thumb Code    22  stm32f10x_adc.o(.text)
    ADC_RegularChannelConfig                 0x080005a3   Thumb Code   184  stm32f10x_adc.o(.text)
    ADC_ExternalTrigConvCmd                  0x0800065b   Thumb Code    22  stm32f10x_adc.o(.text)
    ADC_GetConversionValue                   0x08000671   Thumb Code     8  stm32f10x_adc.o(.text)
    ADC_GetDualModeConversionValue           0x08000679   Thumb Code     8  stm32f10x_adc.o(.text)
    ADC_AutoInjectedConvCmd                  0x08000681   Thumb Code    22  stm32f10x_adc.o(.text)
    ADC_InjectedDiscModeCmd                  0x08000697   Thumb Code    22  stm32f10x_adc.o(.text)
    ADC_ExternalTrigInjectedConvConfig       0x080006ad   Thumb Code    16  stm32f10x_adc.o(.text)
    ADC_ExternalTrigInjectedConvCmd          0x080006bd   Thumb Code    22  stm32f10x_adc.o(.text)
    ADC_SoftwareStartInjectedConvCmd         0x080006d3   Thumb Code    22  stm32f10x_adc.o(.text)
    ADC_GetSoftwareStartInjectedConvCmdStatus 0x080006e9   Thumb Code    20  stm32f10x_adc.o(.text)
    ADC_InjectedChannelConfig                0x080006fd   Thumb Code   130  stm32f10x_adc.o(.text)
    ADC_InjectedSequencerLengthConfig        0x0800077f   Thumb Code    24  stm32f10x_adc.o(.text)
    ADC_SetInjectedOffset                    0x08000797   Thumb Code    20  stm32f10x_adc.o(.text)
    ADC_GetInjectedConversionValue           0x080007ab   Thumb Code    28  stm32f10x_adc.o(.text)
    ADC_AnalogWatchdogCmd                    0x080007c7   Thumb Code    16  stm32f10x_adc.o(.text)
    ADC_AnalogWatchdogThresholdsConfig       0x080007d7   Thumb Code     6  stm32f10x_adc.o(.text)
    ADC_AnalogWatchdogSingleChannelConfig    0x080007dd   Thumb Code    16  stm32f10x_adc.o(.text)
    ADC_TempSensorVrefintCmd                 0x080007ed   Thumb Code    64  stm32f10x_adc.o(.text)
    ADC_GetFlagStatus                        0x0800082d   Thumb Code    18  stm32f10x_adc.o(.text)
    ADC_ClearFlag                            0x0800083f   Thumb Code     6  stm32f10x_adc.o(.text)
    ADC_GetITStatus                          0x08000845   Thumb Code    36  stm32f10x_adc.o(.text)
    ADC_ClearITPendingBit                    0x08000869   Thumb Code    10  stm32f10x_adc.o(.text)
    BKP_DeInit                               0x08000875   Thumb Code    16  stm32f10x_bkp.o(.text)
    BKP_TamperPinLevelConfig                 0x08000885   Thumb Code     6  stm32f10x_bkp.o(.text)
    BKP_TamperPinCmd                         0x0800088b   Thumb Code     8  stm32f10x_bkp.o(.text)
    BKP_ITConfig                             0x08000893   Thumb Code     8  stm32f10x_bkp.o(.text)
    BKP_RTCOutputConfig                      0x0800089b   Thumb Code    22  stm32f10x_bkp.o(.text)
    BKP_SetRTCCalibrationValue               0x080008b1   Thumb Code    22  stm32f10x_bkp.o(.text)
    BKP_WriteBackupRegister                  0x080008c7   Thumb Code    24  stm32f10x_bkp.o(.text)
    BKP_ReadBackupRegister                   0x080008df   Thumb Code    26  stm32f10x_bkp.o(.text)
    BKP_GetFlagStatus                        0x080008f9   Thumb Code    10  stm32f10x_bkp.o(.text)
    BKP_ClearFlag                            0x08000903   Thumb Code    18  stm32f10x_bkp.o(.text)
    BKP_GetITStatus                          0x08000915   Thumb Code    10  stm32f10x_bkp.o(.text)
    BKP_ClearITPendingBit                    0x0800091f   Thumb Code    18  stm32f10x_bkp.o(.text)
    DMA_DeInit                               0x08000939   Thumb Code   324  stm32f10x_dma.o(.text)
    DMA_Init                                 0x08000a7d   Thumb Code    60  stm32f10x_dma.o(.text)
    DMA_StructInit                           0x08000ab9   Thumb Code    26  stm32f10x_dma.o(.text)
    DMA_Cmd                                  0x08000ad3   Thumb Code    24  stm32f10x_dma.o(.text)
    DMA_ITConfig                             0x08000aeb   Thumb Code    18  stm32f10x_dma.o(.text)
    DMA_SetCurrDataCounter                   0x08000afd   Thumb Code     4  stm32f10x_dma.o(.text)
    DMA_GetCurrDataCounter                   0x08000b01   Thumb Code     8  stm32f10x_dma.o(.text)
    DMA_GetFlagStatus                        0x08000b09   Thumb Code    40  stm32f10x_dma.o(.text)
    DMA_ClearFlag                            0x08000b31   Thumb Code    22  stm32f10x_dma.o(.text)
    DMA_GetITStatus                          0x08000b47   Thumb Code    40  stm32f10x_dma.o(.text)
    DMA_ClearITPendingBit                    0x08000b6f   Thumb Code    22  stm32f10x_dma.o(.text)
    EXTI_DeInit                              0x08000b8d   Thumb Code    28  stm32f10x_exti.o(.text)
    EXTI_Init                                0x08000ba9   Thumb Code   142  stm32f10x_exti.o(.text)
    EXTI_StructInit                          0x08000c37   Thumb Code    16  stm32f10x_exti.o(.text)
    EXTI_GenerateSWInterrupt                 0x08000c47   Thumb Code    16  stm32f10x_exti.o(.text)
    EXTI_GetFlagStatus                       0x08000c57   Thumb Code    22  stm32f10x_exti.o(.text)
    EXTI_ClearFlag                           0x08000c6d   Thumb Code     8  stm32f10x_exti.o(.text)
    EXTI_GetITStatus                         0x08000c75   Thumb Code    34  stm32f10x_exti.o(.text)
    EXTI_ClearITPendingBit                   0x08000c97   Thumb Code     8  stm32f10x_exti.o(.text)
    GPIO_DeInit                              0x08000ca9   Thumb Code   172  stm32f10x_gpio.o(.text)
    GPIO_AFIODeInit                          0x08000d55   Thumb Code    20  stm32f10x_gpio.o(.text)
    GPIO_Init                                0x08000d69   Thumb Code   278  stm32f10x_gpio.o(.text)
    GPIO_StructInit                          0x08000e7f   Thumb Code    16  stm32f10x_gpio.o(.text)
    GPIO_ReadInputDataBit                    0x08000e8f   Thumb Code    18  stm32f10x_gpio.o(.text)
    GPIO_ReadInputData                       0x08000ea1   Thumb Code     8  stm32f10x_gpio.o(.text)
    GPIO_ReadOutputDataBit                   0x08000ea9   Thumb Code    18  stm32f10x_gpio.o(.text)
    GPIO_ReadOutputData                      0x08000ebb   Thumb Code     8  stm32f10x_gpio.o(.text)
    GPIO_SetBits                             0x08000ec3   Thumb Code     4  stm32f10x_gpio.o(.text)
    GPIO_ResetBits                           0x08000ec7   Thumb Code     4  stm32f10x_gpio.o(.text)
    GPIO_WriteBit                            0x08000ecb   Thumb Code    10  stm32f10x_gpio.o(.text)
    GPIO_Write                               0x08000ed5   Thumb Code     4  stm32f10x_gpio.o(.text)
    GPIO_PinLockConfig                       0x08000ed9   Thumb Code    18  stm32f10x_gpio.o(.text)
    GPIO_EventOutputConfig                   0x08000eeb   Thumb Code    26  stm32f10x_gpio.o(.text)
    GPIO_EventOutputCmd                      0x08000f05   Thumb Code     6  stm32f10x_gpio.o(.text)
    GPIO_PinRemapConfig                      0x08000f0b   Thumb Code   138  stm32f10x_gpio.o(.text)
    GPIO_EXTILineConfig                      0x08000f95   Thumb Code    66  stm32f10x_gpio.o(.text)
    GPIO_ETH_MediaInterfaceConfig            0x08000fd7   Thumb Code     8  stm32f10x_gpio.o(.text)
    PWR_DeInit                               0x08001005   Thumb Code    22  stm32f10x_pwr.o(.text)
    PWR_BackupAccessCmd                      0x0800101b   Thumb Code     6  stm32f10x_pwr.o(.text)
    PWR_PVDCmd                               0x08001021   Thumb Code     6  stm32f10x_pwr.o(.text)
    PWR_PVDLevelConfig                       0x08001027   Thumb Code    18  stm32f10x_pwr.o(.text)
    PWR_WakeUpPinCmd                         0x08001039   Thumb Code     8  stm32f10x_pwr.o(.text)
    PWR_EnterSTOPMode                        0x08001041   Thumb Code    54  stm32f10x_pwr.o(.text)
    PWR_EnterSTANDBYMode                     0x08001077   Thumb Code    42  stm32f10x_pwr.o(.text)
    PWR_GetFlagStatus                        0x080010a1   Thumb Code    20  stm32f10x_pwr.o(.text)
    PWR_ClearFlag                            0x080010b5   Thumb Code    14  stm32f10x_pwr.o(.text)
    RCC_DeInit                               0x080010d1   Thumb Code    64  stm32f10x_rcc.o(.text)
    RCC_HSEConfig                            0x08001111   Thumb Code    70  stm32f10x_rcc.o(.text)
    RCC_GetFlagStatus                        0x08001157   Thumb Code    56  stm32f10x_rcc.o(.text)
    RCC_WaitForHSEStartUp                    0x0800118f   Thumb Code    56  stm32f10x_rcc.o(.text)
    RCC_AdjustHSICalibrationValue            0x080011c7   Thumb Code    20  stm32f10x_rcc.o(.text)
    RCC_HSICmd                               0x080011db   Thumb Code     6  stm32f10x_rcc.o(.text)
    RCC_PLLConfig                            0x080011e1   Thumb Code    24  stm32f10x_rcc.o(.text)
    RCC_PLLCmd                               0x080011f9   Thumb Code     6  stm32f10x_rcc.o(.text)
    RCC_SYSCLKConfig                         0x080011ff   Thumb Code    18  stm32f10x_rcc.o(.text)
    RCC_GetSYSCLKSource                      0x08001211   Thumb Code    10  stm32f10x_rcc.o(.text)
    RCC_HCLKConfig                           0x0800121b   Thumb Code    18  stm32f10x_rcc.o(.text)
    RCC_PCLK1Config                          0x0800122d   Thumb Code    18  stm32f10x_rcc.o(.text)
    RCC_PCLK2Config                          0x0800123f   Thumb Code    20  stm32f10x_rcc.o(.text)
    RCC_ITConfig                             0x08001253   Thumb Code    26  stm32f10x_rcc.o(.text)
    RCC_USBCLKConfig                         0x0800126d   Thumb Code     8  stm32f10x_rcc.o(.text)
    RCC_ADCCLKConfig                         0x08001275   Thumb Code    18  stm32f10x_rcc.o(.text)
    RCC_LSEConfig                            0x08001287   Thumb Code    50  stm32f10x_rcc.o(.text)
    RCC_LSICmd                               0x080012b9   Thumb Code     6  stm32f10x_rcc.o(.text)
    RCC_RTCCLKConfig                         0x080012bf   Thumb Code    12  stm32f10x_rcc.o(.text)
    RCC_RTCCLKCmd                            0x080012cb   Thumb Code     8  stm32f10x_rcc.o(.text)
    RCC_GetClocksFreq                        0x080012d3   Thumb Code   192  stm32f10x_rcc.o(.text)
    RCC_AHBPeriphClockCmd                    0x08001393   Thumb Code    26  stm32f10x_rcc.o(.text)
    RCC_APB2PeriphClockCmd                   0x080013ad   Thumb Code    26  stm32f10x_rcc.o(.text)
    RCC_APB1PeriphClockCmd                   0x080013c7   Thumb Code    26  stm32f10x_rcc.o(.text)
    RCC_APB2PeriphResetCmd                   0x080013e1   Thumb Code    26  stm32f10x_rcc.o(.text)
    RCC_APB1PeriphResetCmd                   0x080013fb   Thumb Code    26  stm32f10x_rcc.o(.text)
    RCC_BackupResetCmd                       0x08001415   Thumb Code     8  stm32f10x_rcc.o(.text)
    RCC_ClockSecuritySystemCmd               0x0800141d   Thumb Code     6  stm32f10x_rcc.o(.text)
    RCC_MCOConfig                            0x08001423   Thumb Code     6  stm32f10x_rcc.o(.text)
    RCC_ClearFlag                            0x08001429   Thumb Code    14  stm32f10x_rcc.o(.text)
    RCC_GetITStatus                          0x08001437   Thumb Code    20  stm32f10x_rcc.o(.text)
    RCC_ClearITPendingBit                    0x0800144b   Thumb Code     6  stm32f10x_rcc.o(.text)
    RTC_ITConfig                             0x08001475   Thumb Code    26  stm32f10x_rtc.o(.text)
    RTC_EnterConfigMode                      0x0800148f   Thumb Code    18  stm32f10x_rtc.o(.text)
    RTC_ExitConfigMode                       0x080014a1   Thumb Code    20  stm32f10x_rtc.o(.text)
    RTC_GetCounter                           0x080014b5   Thumb Code    18  stm32f10x_rtc.o(.text)
    RTC_SetCounter                           0x080014c7   Thumb Code    26  stm32f10x_rtc.o(.text)
    RTC_SetPrescaler                         0x080014e1   Thumb Code    28  stm32f10x_rtc.o(.text)
    RTC_SetAlarm                             0x080014fd   Thumb Code    26  stm32f10x_rtc.o(.text)
    RTC_GetDivider                           0x08001517   Thumb Code    22  stm32f10x_rtc.o(.text)
    RTC_WaitForLastTask                      0x0800152d   Thumb Code    18  stm32f10x_rtc.o(.text)
    RTC_WaitForSynchro                       0x0800153f   Thumb Code    36  stm32f10x_rtc.o(.text)
    RTC_GetFlagStatus                        0x08001563   Thumb Code    22  stm32f10x_rtc.o(.text)
    RTC_ClearFlag                            0x08001579   Thumb Code    16  stm32f10x_rtc.o(.text)
    RTC_GetITStatus                          0x08001589   Thumb Code    32  stm32f10x_rtc.o(.text)
    RTC_ClearITPendingBit                    0x080015a9   Thumb Code    16  stm32f10x_rtc.o(.text)
    SDIO_DeInit                              0x080015bd   Thumb Code    28  stm32f10x_sdio.o(.text)
    SDIO_Init                                0x080015d9   Thumb Code    42  stm32f10x_sdio.o(.text)
    SDIO_StructInit                          0x08001603   Thumb Code    16  stm32f10x_sdio.o(.text)
    SDIO_ClockCmd                            0x08001613   Thumb Code     6  stm32f10x_sdio.o(.text)
    SDIO_SetPowerState                       0x08001619   Thumb Code    22  stm32f10x_sdio.o(.text)
    SDIO_GetPowerState                       0x0800162f   Thumb Code    10  stm32f10x_sdio.o(.text)
    SDIO_ITConfig                            0x08001639   Thumb Code    26  stm32f10x_sdio.o(.text)
    SDIO_DMACmd                              0x08001653   Thumb Code     6  stm32f10x_sdio.o(.text)
    SDIO_SendCommand                         0x08001659   Thumb Code    38  stm32f10x_sdio.o(.text)
    SDIO_CmdStructInit                       0x0800167f   Thumb Code    14  stm32f10x_sdio.o(.text)
    SDIO_GetCommandResponse                  0x0800168d   Thumb Code     8  stm32f10x_sdio.o(.text)
    SDIO_GetResponse                         0x08001695   Thumb Code    22  stm32f10x_sdio.o(.text)
    SDIO_DataConfig                          0x080016ab   Thumb Code    42  stm32f10x_sdio.o(.text)
    SDIO_DataStructInit                      0x080016d5   Thumb Code    20  stm32f10x_sdio.o(.text)
    SDIO_GetDataCounter                      0x080016e9   Thumb Code     6  stm32f10x_sdio.o(.text)
    SDIO_ReadData                            0x080016ef   Thumb Code     8  stm32f10x_sdio.o(.text)
    SDIO_WriteData                           0x080016f7   Thumb Code     8  stm32f10x_sdio.o(.text)
    SDIO_GetFIFOCount                        0x080016ff   Thumb Code     6  stm32f10x_sdio.o(.text)
    SDIO_StartSDIOReadWait                   0x08001705   Thumb Code     8  stm32f10x_sdio.o(.text)
    SDIO_StopSDIOReadWait                    0x0800170d   Thumb Code     8  stm32f10x_sdio.o(.text)
    SDIO_SetSDIOReadWaitMode                 0x08001715   Thumb Code     8  stm32f10x_sdio.o(.text)
    SDIO_SetSDIOOperation                    0x0800171d   Thumb Code     8  stm32f10x_sdio.o(.text)
    SDIO_SendSDIOSuspendCmd                  0x08001725   Thumb Code     6  stm32f10x_sdio.o(.text)
    SDIO_CommandCompletionCmd                0x0800172b   Thumb Code     8  stm32f10x_sdio.o(.text)
    SDIO_CEATAITCmd                          0x08001733   Thumb Code    12  stm32f10x_sdio.o(.text)
    SDIO_SendCEATACmd                        0x0800173f   Thumb Code     8  stm32f10x_sdio.o(.text)
    SDIO_GetFlagStatus                       0x08001747   Thumb Code    20  stm32f10x_sdio.o(.text)
    SDIO_ClearFlag                           0x0800175b   Thumb Code     6  stm32f10x_sdio.o(.text)
    SDIO_GetITStatus                         0x08001761   Thumb Code    20  stm32f10x_sdio.o(.text)
    SDIO_ClearITPendingBit                   0x08001775   Thumb Code     6  stm32f10x_sdio.o(.text)
    TIM_DeInit                               0x08001791   Thumb Code   424  stm32f10x_tim.o(.text)
    TIM_TimeBaseInit                         0x08001939   Thumb Code   122  stm32f10x_tim.o(.text)
    TIM_OC1Init                              0x080019b3   Thumb Code   132  stm32f10x_tim.o(.text)
    TIM_OC2Init                              0x08001a37   Thumb Code   154  stm32f10x_tim.o(.text)
    TIM_OC3Init                              0x08001ad1   Thumb Code   150  stm32f10x_tim.o(.text)
    TIM_OC4Init                              0x08001b67   Thumb Code   182  stm32f10x_tim.o(.text)
    TIM_SetIC4Prescaler                      0x08001c1d   Thumb Code    26  stm32f10x_tim.o(.text)
    TIM_SetIC3Prescaler                      0x08001cb9   Thumb Code    18  stm32f10x_tim.o(.text)
    TIM_SetIC2Prescaler                      0x08001d45   Thumb Code    26  stm32f10x_tim.o(.text)
    TIM_SetIC1Prescaler                      0x08001de1   Thumb Code    18  stm32f10x_tim.o(.text)
    TIM_ICInit                               0x08001e5f   Thumb Code   150  stm32f10x_tim.o(.text)
    TIM_PWMIConfig                           0x08001ef5   Thumb Code   124  stm32f10x_tim.o(.text)
    TIM_BDTRConfig                           0x08001f71   Thumb Code    32  stm32f10x_tim.o(.text)
    TIM_TimeBaseStructInit                   0x08001f91   Thumb Code    18  stm32f10x_tim.o(.text)
    TIM_OCStructInit                         0x08001fa3   Thumb Code    20  stm32f10x_tim.o(.text)
    TIM_ICStructInit                         0x08001fb7   Thumb Code    18  stm32f10x_tim.o(.text)
    TIM_BDTRStructInit                       0x08001fc9   Thumb Code    40  stm32f10x_tim.o(.text)
    TIM_Cmd                                  0x08001ff1   Thumb Code    24  stm32f10x_tim.o(.text)
    TIM_CtrlPWMOutputs                       0x08002009   Thumb Code    30  stm32f10x_tim.o(.text)
    TIM_ITConfig                             0x08002027   Thumb Code    18  stm32f10x_tim.o(.text)
    TIM_GenerateEvent                        0x08002039   Thumb Code     4  stm32f10x_tim.o(.text)
    TIM_DMAConfig                            0x0800203d   Thumb Code    10  stm32f10x_tim.o(.text)
    TIM_DMACmd                               0x08002047   Thumb Code    18  stm32f10x_tim.o(.text)
    TIM_InternalClockConfig                  0x08002059   Thumb Code    12  stm32f10x_tim.o(.text)
    TIM_SelectInputTrigger                   0x08002065   Thumb Code    18  stm32f10x_tim.o(.text)
    TIM_ITRxExternalClockConfig              0x08002077   Thumb Code    24  stm32f10x_tim.o(.text)
    TIM_TIxExternalClockConfig               0x0800208f   Thumb Code    62  stm32f10x_tim.o(.text)
    TIM_ETRConfig                            0x080020cd   Thumb Code    28  stm32f10x_tim.o(.text)
    TIM_ETRClockMode1Config                  0x080020e9   Thumb Code    54  stm32f10x_tim.o(.text)
    TIM_ETRClockMode2Config                  0x0800211f   Thumb Code    32  stm32f10x_tim.o(.text)
    TIM_PrescalerConfig                      0x0800213f   Thumb Code     6  stm32f10x_tim.o(.text)
    TIM_CounterModeConfig                    0x08002145   Thumb Code    18  stm32f10x_tim.o(.text)
    TIM_EncoderInterfaceConfig               0x08002157   Thumb Code    66  stm32f10x_tim.o(.text)
    TIM_ForcedOC1Config                      0x08002199   Thumb Code    18  stm32f10x_tim.o(.text)
    TIM_ForcedOC2Config                      0x080021ab   Thumb Code    26  stm32f10x_tim.o(.text)
    TIM_ForcedOC3Config                      0x080021c5   Thumb Code    18  stm32f10x_tim.o(.text)
    TIM_ForcedOC4Config                      0x080021d7   Thumb Code    26  stm32f10x_tim.o(.text)
    TIM_ARRPreloadConfig                     0x080021f1   Thumb Code    24  stm32f10x_tim.o(.text)
    TIM_SelectCOM                            0x08002209   Thumb Code    24  stm32f10x_tim.o(.text)
    TIM_SelectCCDMA                          0x08002221   Thumb Code    24  stm32f10x_tim.o(.text)
    TIM_CCPreloadControl                     0x08002239   Thumb Code    24  stm32f10x_tim.o(.text)
    TIM_OC1PreloadConfig                     0x08002251   Thumb Code    18  stm32f10x_tim.o(.text)
    TIM_OC2PreloadConfig                     0x08002263   Thumb Code    26  stm32f10x_tim.o(.text)
    TIM_OC3PreloadConfig                     0x0800227d   Thumb Code    18  stm32f10x_tim.o(.text)
    TIM_OC4PreloadConfig                     0x0800228f   Thumb Code    26  stm32f10x_tim.o(.text)
    TIM_OC1FastConfig                        0x080022a9   Thumb Code    18  stm32f10x_tim.o(.text)
    TIM_OC2FastConfig                        0x080022bb   Thumb Code    26  stm32f10x_tim.o(.text)
    TIM_OC3FastConfig                        0x080022d5   Thumb Code    18  stm32f10x_tim.o(.text)
    TIM_OC4FastConfig                        0x080022e7   Thumb Code    26  stm32f10x_tim.o(.text)
    TIM_ClearOC1Ref                          0x08002301   Thumb Code    18  stm32f10x_tim.o(.text)
    TIM_ClearOC2Ref                          0x08002313   Thumb Code    24  stm32f10x_tim.o(.text)
    TIM_ClearOC3Ref                          0x0800232b   Thumb Code    18  stm32f10x_tim.o(.text)
    TIM_ClearOC4Ref                          0x0800233d   Thumb Code    24  stm32f10x_tim.o(.text)
    TIM_OC1PolarityConfig                    0x08002355   Thumb Code    18  stm32f10x_tim.o(.text)
    TIM_OC1NPolarityConfig                   0x08002367   Thumb Code    18  stm32f10x_tim.o(.text)
    TIM_OC2PolarityConfig                    0x08002379   Thumb Code    26  stm32f10x_tim.o(.text)
    TIM_OC2NPolarityConfig                   0x08002393   Thumb Code    26  stm32f10x_tim.o(.text)
    TIM_OC3PolarityConfig                    0x080023ad   Thumb Code    26  stm32f10x_tim.o(.text)
    TIM_OC3NPolarityConfig                   0x080023c7   Thumb Code    26  stm32f10x_tim.o(.text)
    TIM_OC4PolarityConfig                    0x080023e1   Thumb Code    26  stm32f10x_tim.o(.text)
    TIM_CCxCmd                               0x080023fb   Thumb Code    30  stm32f10x_tim.o(.text)
    TIM_CCxNCmd                              0x08002419   Thumb Code    30  stm32f10x_tim.o(.text)
    TIM_SelectOCxM                           0x08002437   Thumb Code    82  stm32f10x_tim.o(.text)
    TIM_UpdateDisableConfig                  0x08002489   Thumb Code    24  stm32f10x_tim.o(.text)
    TIM_UpdateRequestConfig                  0x080024a1   Thumb Code    24  stm32f10x_tim.o(.text)
    TIM_SelectHallSensor                     0x080024b9   Thumb Code    24  stm32f10x_tim.o(.text)
    TIM_SelectOnePulseMode                   0x080024d1   Thumb Code    18  stm32f10x_tim.o(.text)
    TIM_SelectOutputTrigger                  0x080024e3   Thumb Code    18  stm32f10x_tim.o(.text)
    TIM_SelectSlaveMode                      0x080024f5   Thumb Code    18  stm32f10x_tim.o(.text)
    TIM_SelectMasterSlaveMode                0x08002507   Thumb Code    18  stm32f10x_tim.o(.text)
    TIM_SetCounter                           0x08002519   Thumb Code     4  stm32f10x_tim.o(.text)
    TIM_SetAutoreload                        0x0800251d   Thumb Code     4  stm32f10x_tim.o(.text)
    TIM_SetCompare1                          0x08002521   Thumb Code     4  stm32f10x_tim.o(.text)
    TIM_SetCompare2                          0x08002525   Thumb Code     4  stm32f10x_tim.o(.text)
    TIM_SetCompare3                          0x08002529   Thumb Code     4  stm32f10x_tim.o(.text)
    TIM_SetCompare4                          0x0800252d   Thumb Code     6  stm32f10x_tim.o(.text)
    TIM_SetClockDivision                     0x08002533   Thumb Code    18  stm32f10x_tim.o(.text)
    TIM_GetCapture1                          0x08002545   Thumb Code     6  stm32f10x_tim.o(.text)
    TIM_GetCapture2                          0x0800254b   Thumb Code     6  stm32f10x_tim.o(.text)
    TIM_GetCapture3                          0x08002551   Thumb Code     6  stm32f10x_tim.o(.text)
    TIM_GetCapture4                          0x08002557   Thumb Code     8  stm32f10x_tim.o(.text)
    TIM_GetCounter                           0x0800255f   Thumb Code     6  stm32f10x_tim.o(.text)
    TIM_GetPrescaler                         0x08002565   Thumb Code     6  stm32f10x_tim.o(.text)
    TIM_GetFlagStatus                        0x0800256b   Thumb Code    18  stm32f10x_tim.o(.text)
    TIM_ClearFlag                            0x0800257d   Thumb Code     6  stm32f10x_tim.o(.text)
    TIM_GetITStatus                          0x08002583   Thumb Code    34  stm32f10x_tim.o(.text)
    TIM_ClearITPendingBit                    0x080025a5   Thumb Code     6  stm32f10x_tim.o(.text)
    USART_DeInit                             0x080025ad   Thumb Code   134  stm32f10x_usart.o(.text)
    USART_Init                               0x08002633   Thumb Code   210  stm32f10x_usart.o(.text)
    USART_StructInit                         0x08002705   Thumb Code    24  stm32f10x_usart.o(.text)
    USART_ClockInit                          0x0800271d   Thumb Code    34  stm32f10x_usart.o(.text)
    USART_ClockStructInit                    0x0800273f   Thumb Code    12  stm32f10x_usart.o(.text)
    USART_Cmd                                0x0800274b   Thumb Code    24  stm32f10x_usart.o(.text)
    USART_ITConfig                           0x08002763   Thumb Code    74  stm32f10x_usart.o(.text)
    USART_DMACmd                             0x080027ad   Thumb Code    18  stm32f10x_usart.o(.text)
    USART_SetAddress                         0x080027bf   Thumb Code    18  stm32f10x_usart.o(.text)
    USART_WakeUpConfig                       0x080027d1   Thumb Code    18  stm32f10x_usart.o(.text)
    USART_ReceiverWakeUpCmd                  0x080027e3   Thumb Code    24  stm32f10x_usart.o(.text)
    USART_LINBreakDetectLengthConfig         0x080027fb   Thumb Code    18  stm32f10x_usart.o(.text)
    USART_LINCmd                             0x0800280d   Thumb Code    24  stm32f10x_usart.o(.text)
    USART_SendData                           0x08002825   Thumb Code     8  stm32f10x_usart.o(.text)
    USART_ReceiveData                        0x0800282d   Thumb Code    10  stm32f10x_usart.o(.text)
    USART_SendBreak                          0x08002837   Thumb Code    10  stm32f10x_usart.o(.text)
    USART_SetGuardTime                       0x08002841   Thumb Code    16  stm32f10x_usart.o(.text)
    USART_SetPrescaler                       0x08002851   Thumb Code    16  stm32f10x_usart.o(.text)
    USART_SmartCardCmd                       0x08002861   Thumb Code    24  stm32f10x_usart.o(.text)
    USART_SmartCardNACKCmd                   0x08002879   Thumb Code    24  stm32f10x_usart.o(.text)
    USART_HalfDuplexCmd                      0x08002891   Thumb Code    24  stm32f10x_usart.o(.text)
    USART_OverSampling8Cmd                   0x080028a9   Thumb Code    22  stm32f10x_usart.o(.text)
    USART_OneBitMethodCmd                    0x080028bf   Thumb Code    24  stm32f10x_usart.o(.text)
    USART_IrDAConfig                         0x080028d7   Thumb Code    18  stm32f10x_usart.o(.text)
    USART_IrDACmd                            0x080028e9   Thumb Code    24  stm32f10x_usart.o(.text)
    USART_GetFlagStatus                      0x08002901   Thumb Code    26  stm32f10x_usart.o(.text)
    USART_ClearFlag                          0x0800291b   Thumb Code    18  stm32f10x_usart.o(.text)
    USART_GetITStatus                        0x0800292d   Thumb Code    84  stm32f10x_usart.o(.text)
    USART_ClearITPendingBit                  0x08002981   Thumb Code    52  stm32f10x_usart.o(.text)
    main                                     0x080029b5   Thumb Code   282  main.o(.text)
    NMI_Handler                              0x08002b6d   Thumb Code     2  stm32f10x_it.o(.text)
    HardFault_Handler                        0x08002b6f   Thumb Code     4  stm32f10x_it.o(.text)
    MemManage_Handler                        0x08002b73   Thumb Code     4  stm32f10x_it.o(.text)
    BusFault_Handler                         0x08002b77   Thumb Code     4  stm32f10x_it.o(.text)
    UsageFault_Handler                       0x08002b7b   Thumb Code     4  stm32f10x_it.o(.text)
    SVC_Handler                              0x08002b7f   Thumb Code     2  stm32f10x_it.o(.text)
    DebugMon_Handler                         0x08002b81   Thumb Code     2  stm32f10x_it.o(.text)
    PendSV_Handler                           0x08002b83   Thumb Code     2  stm32f10x_it.o(.text)
    SysTick_Handler                          0x08002b85   Thumb Code     2  stm32f10x_it.o(.text)
    SDIO_IRQHandler                          0x08002b87   Thumb Code     8  stm32f10x_it.o(.text)
    TIM6_IRQHandler                          0x08002b8f   Thumb Code    54  stm32f10x_it.o(.text)
    RTCAlarm_IRQHandler                      0x08002bc5   Thumb Code     8  stm32f10x_it.o(.text)
    Delay                                    0x08002bd9   Thumb Code    18  delay.o(.text)
    ATA_disk_status                          0x08002bed   Thumb Code     4  diskio.o(.text)
    MMC_disk_status                          0x08002bf1   Thumb Code     4  diskio.o(.text)
    USB_disk_status                          0x08002bf5   Thumb Code     4  diskio.o(.text)
    disk_status                              0x08002bf9   Thumb Code    28  diskio.o(.text)
    disk_initialize                          0x08002c15   Thumb Code    44  diskio.o(.text)
    disk_read                                0x08002c41   Thumb Code   180  diskio.o(.text)
    disk_write                               0x08002cf5   Thumb Code   104  diskio.o(.text)
    disk_ioctl                               0x08002d5d   Thumb Code   100  diskio.o(.text)
    get_fattime                              0x08002dc1   Thumb Code     4  diskio.o(.text)
    clust2sect                               0x08002f83   Thumb Code    26  ff.o(.text)
    get_fat                                  0x08002f9d   Thumb Code   318  ff.o(.text)
    put_fat                                  0x080030db   Thumb Code   392  ff.o(.text)
    f_mount                                  0x080044b1   Thumb Code    98  ff.o(.text)
    f_open                                   0x08004513   Thumb Code   378  ff.o(.text)
    f_read                                   0x0800468d   Thumb Code   526  ff.o(.text)
    f_write                                  0x0800489b   Thumb Code   524  ff.o(.text)
    f_sync                                   0x08004aa7   Thumb Code   176  ff.o(.text)
    f_close                                  0x08004b57   Thumb Code    32  ff.o(.text)
    f_lseek                                  0x08004b77   Thumb Code   410  ff.o(.text)
    f_opendir                                0x08004d11   Thumb Code   114  ff.o(.text)
    f_closedir                               0x08004d83   Thumb Code    22  ff.o(.text)
    f_readdir                                0x08004d99   Thumb Code    92  ff.o(.text)
    f_stat                                   0x08004df5   Thumb Code    64  ff.o(.text)
    f_getfree                                0x08004e35   Thumb Code   258  ff.o(.text)
    f_truncate                               0x08004f37   Thumb Code   184  ff.o(.text)
    f_unlink                                 0x08004fef   Thumb Code   170  ff.o(.text)
    f_mkdir                                  0x08005099   Thumb Code   360  ff.o(.text)
    f_chmod                                  0x08005201   Thumb Code    88  ff.o(.text)
    f_rename                                 0x08005259   Thumb Code   262  ff.o(.text)
    f_utime                                  0x0800535f   Thumb Code    90  ff.o(.text)
    f_mkfs                                   0x080053b9   Thumb Code  1612  ff.o(.text)
    f_gets                                   0x08005a05   Thumb Code    82  ff.o(.text)
    f_putc                                   0x08005a9b   Thumb Code   122  ff.o(.text)
    f_puts                                   0x08005b15   Thumb Code    74  ff.o(.text)
    f_printf                                 0x08005b5f   Thumb Code   628  ff.o(.text)
    ff_convert                               0x08005dd5   Thumb Code    70  unicode.o(.text)
    ff_wtoupper                              0x08005e1b   Thumb Code    84  unicode.o(.text)
    BasicTIM_Init                            0x08005ee5   Thumb Code    12  bsp_tim.o(.text)
    RTC_NVIC_Config                          0x08005ef5   Thumb Code    78  bsp_rtc.o(.text)
    RTC_Configuration                        0x08005f43   Thumb Code    88  bsp_rtc.o(.text)
    RTC_SetAlarmInSeconds                    0x08005f9b   Thumb Code    22  bsp_rtc.o(.text)
    BSP_RTCAlarm_IRQHandler                  0x08005fb1   Thumb Code    34  bsp_rtc.o(.text)
    BSP_RTCAlarm_IRQHandler_2                0x08005fd3   Thumb Code    78  bsp_rtc.o(.text)
    ADCx_Init                                0x0800612b   Thumb Code    12  bsp_adc.o(.text)
    LED_GPIO_Config                          0x08006149   Thumb Code    90  bsp_led.o(.text)
    RED_SPARKLE                              0x080061a3   Thumb Code    44  bsp_led.o(.text)
    GREEN_SPARKLE                            0x080061cf   Thumb Code    44  bsp_led.o(.text)
    BLUE_SPARKLE                             0x080061fb   Thumb Code    44  bsp_led.o(.text)
    USART_Config                             0x08006257   Thumb Code   136  bsp_usart.o(.text)
    Usart_SendByte                           0x080062df   Thumb Code    30  bsp_usart.o(.text)
    Usart_SendArray                          0x080062fd   Thumb Code    48  bsp_usart.o(.text)
    Usart_SendString                         0x0800632d   Thumb Code    42  bsp_usart.o(.text)
    Usart_SendHalfWord                       0x08006357   Thumb Code    60  bsp_usart.o(.text)
    fputc                                    0x08006393   Thumb Code    32  bsp_usart.o(.text)
    fgetc                                    0x080063b3   Thumb Code    26  bsp_usart.o(.text)
    SD_DeInit                                0x080063d5   Thumb Code    66  bsp_sdio_sdcard.o(.text)
    SD_EnableWideBusOperation                0x08006825   Thumb Code   140  bsp_sdio_sdcard.o(.text)
    SD_SelectDeselect                        0x080068b1   Thumb Code    48  bsp_sdio_sdcard.o(.text)
    SD_GetCardInfo                           0x080068e1   Thumb Code   762  bsp_sdio_sdcard.o(.text)
    SD_InitializeCards                       0x08006cd5   Thumb Code   294  bsp_sdio_sdcard.o(.text)
    SD_PowerON                               0x08006ea3   Thumb Code   374  bsp_sdio_sdcard.o(.text)
    SD_Init                                  0x08007019   Thumb Code   138  bsp_sdio_sdcard.o(.text)
    SD_SendStatus                            0x080070a3   Thumb Code    46  bsp_sdio_sdcard.o(.text)
    SD_GetState                              0x080070d1   Thumb Code    26  bsp_sdio_sdcard.o(.text)
    SD_GetStatus                             0x080070eb   Thumb Code    30  bsp_sdio_sdcard.o(.text)
    SD_PowerOFF                              0x08007109   Thumb Code    14  bsp_sdio_sdcard.o(.text)
    SD_SendSDStatus                          0x08007117   Thumb Code   360  bsp_sdio_sdcard.o(.text)
    SD_GetCardStatus                         0x0800727f   Thumb Code   156  bsp_sdio_sdcard.o(.text)
    SD_ReadBlock                             0x0800731b   Thumb Code   208  bsp_sdio_sdcard.o(.text)
    SD_ReadMultiBlocks                       0x080073eb   Thumb Code   264  bsp_sdio_sdcard.o(.text)
    SD_WaitReadOperation                     0x080074f3   Thumb Code    42  bsp_sdio_sdcard.o(.text)
    SD_WriteBlock                            0x0800751d   Thumb Code   206  bsp_sdio_sdcard.o(.text)
    SD_WriteMultiBlocks                      0x080075eb   Thumb Code   312  bsp_sdio_sdcard.o(.text)
    SD_WaitWriteOperation                    0x08007723   Thumb Code    50  bsp_sdio_sdcard.o(.text)
    SD_GetTransferState                      0x08007755   Thumb Code    18  bsp_sdio_sdcard.o(.text)
    SD_StopTransfer                          0x08007767   Thumb Code    28  bsp_sdio_sdcard.o(.text)
    SD_Erase                                 0x08007935   Thumb Code   290  bsp_sdio_sdcard.o(.text)
    SD_ProcessIRQSrc                         0x08007a57   Thumb Code    70  bsp_sdio_sdcard.o(.text)
    convert_from_bytes_to_power_of_two       0x08007a9d   Thumb Code    18  bsp_sdio_sdcard.o(.text)
    Get_Tick                                 0x08007ad1   Thumb Code     8  logger.o(.text)
    logger_init                              0x08007ad9   Thumb Code   260  logger.o(.text)
    log_adc_value                            0x08007bdd   Thumb Code   124  logger.o(.text)
    logger_close                             0x08007c59   Thumb Code   136  logger.o(.text)
    __aeabi_uldivmod                         0x08007e61   Thumb Code    98  uldiv.o(.text)
    __aeabi_memcpy                           0x08007ec3   Thumb Code    36  memcpya.o(.text)
    __aeabi_memcpy4                          0x08007ec3   Thumb Code     0  memcpya.o(.text)
    __aeabi_memcpy8                          0x08007ec3   Thumb Code     0  memcpya.o(.text)
    strlen                                   0x08007ee7   Thumb Code    14  strlen.o(.text)
    __aeabi_fdiv                             0x08007ef5   Thumb Code   124  fdiv.o(.text)
    __aeabi_dmul                             0x08007f71   Thumb Code   228  dmul.o(.text)
    __aeabi_ui2f                             0x08008055   Thumb Code    10  ffltui.o(.text)
    __aeabi_f2d                              0x0800805f   Thumb Code    38  f2d.o(.text)
    __aeabi_d2f                              0x08008085   Thumb Code    56  d2f.o(.text)
    __aeabi_cfrcmple                         0x080080bd   Thumb Code    20  cfrcmple.o(.text)
    __aeabi_uidiv                            0x080080d1   Thumb Code     0  uidiv.o(.text)
    __aeabi_uidivmod                         0x080080d1   Thumb Code    44  uidiv.o(.text)
    __aeabi_llsl                             0x080080fd   Thumb Code    30  llshl.o(.text)
    _ll_shift_l                              0x080080fd   Thumb Code     0  llshl.o(.text)
    __aeabi_llsr                             0x0800811b   Thumb Code    32  llushr.o(.text)
    _ll_ushift_r                             0x0800811b   Thumb Code     0  llushr.o(.text)
    __I$use$fp                               0x0800813b   Thumb Code     0  iusefp.o(.text)
    _float_round                             0x0800813b   Thumb Code    18  fepilogue.o(.text)
    _float_epilogue                          0x0800814d   Thumb Code    92  fepilogue.o(.text)
    _double_round                            0x080081a9   Thumb Code    30  depilogue.o(.text)
    _double_epilogue                         0x080081c7   Thumb Code   156  depilogue.o(.text)
    __aeabi_dadd                             0x08008263   Thumb Code   322  dadd.o(.text)
    __aeabi_dsub                             0x080083a5   Thumb Code     6  dadd.o(.text)
    __aeabi_drsub                            0x080083ab   Thumb Code     6  dadd.o(.text)
    __aeabi_ddiv                             0x080083b1   Thumb Code   222  ddiv.o(.text)
    __aeabi_d2ulz                            0x0800848f   Thumb Code    48  dfixul.o(.text)
    __aeabi_cdrcmple                         0x080084c1   Thumb Code    48  cdrcmple.o(.text)
    __scatterload                            0x080084f1   Thumb Code    28  init.o(.text)
    __scatterload_rt2                        0x080084f1   Thumb Code     0  init.o(.text)
    __aeabi_lasr                             0x08008515   Thumb Code    36  llsshr.o(.text)
    _ll_sshift_r                             0x08008515   Thumb Code     0  llsshr.o(.text)
    __0printf                                0x08008539   Thumb Code    22  printfa.o(i.__0printf)
    __1printf                                0x08008539   Thumb Code     0  printfa.o(i.__0printf)
    __2printf                                0x08008539   Thumb Code     0  printfa.o(i.__0printf)
    __c89printf                              0x08008539   Thumb Code     0  printfa.o(i.__0printf)
    printf                                   0x08008539   Thumb Code     0  printfa.o(i.__0printf)
    __0sprintf                               0x08008559   Thumb Code    34  printfa.o(i.__0sprintf)
    __1sprintf                               0x08008559   Thumb Code     0  printfa.o(i.__0sprintf)
    __2sprintf                               0x08008559   Thumb Code     0  printfa.o(i.__0sprintf)
    __c89sprintf                             0x08008559   Thumb Code     0  printfa.o(i.__0sprintf)
    sprintf                                  0x08008559   Thumb Code     0  printfa.o(i.__0sprintf)
    __scatterload_copy                       0x08008581   Thumb Code    14  handlers.o(i.__scatterload_copy)
    __scatterload_null                       0x0800858f   Thumb Code     2  handlers.o(i.__scatterload_null)
    __scatterload_zeroinit                   0x08008591   Thumb Code    14  handlers.o(i.__scatterload_zeroinit)
    Region$$Table$$Base                      0x080097b0   Number         0  anon$$obj.o(Region$$Table)
    Region$$Table$$Limit                     0x080097d0   Number         0  anon$$obj.o(Region$$Table)
    SystemCoreClock                          0x20000000   Data           4  system_stm32f10x.o(.data)
    AHBPrescTable                            0x20000004   Data          16  system_stm32f10x.o(.data)
    worktime                                 0x20000028   Data           4  main.o(.data)
    sleeptime                                0x2000002c   Data           4  main.o(.data)
    ADC_ConvertedValueLocal                  0x20000030   Data           4  main.o(.data)
    led_timer_count                          0x2000003e   Data           1  bsp_tim.o(.data)
    rtc_alarm_triggered                      0x2000003f   Data           1  bsp_rtc.o(.data)
    ADC_ConvertedValue                       0x20000040   Data           2  bsp_adc.o(.data)
    StopCondition                            0x2000004c   Data           4  bsp_sdio_sdcard.o(.data)
    TransferError                            0x20000050   Data           1  bsp_sdio_sdcard.o(.data)
    TransferEnd                              0x20000054   Data           4  bsp_sdio_sdcard.o(.data)
    res_state                                0x2000005c   Data           1  logger.o(.data)
    fnum                                     0x20000060   Data           4  logger.o(.data)
    __stdout                                 0x20000064   Data           4  stdout.o(.data)
    SDCardInfo                               0x20000298   Data          88  bsp_sdio_sdcard.o(.bss)
    SDIO_InitStructure                       0x200002f0   Data          24  bsp_sdio_sdcard.o(.bss)
    SDIO_CmdInitStructure                    0x20000308   Data          20  bsp_sdio_sdcard.o(.bss)
    SDIO_DataInitStructure                   0x2000031c   Data          24  bsp_sdio_sdcard.o(.bss)
    data_buffer                              0x20000334   Data         200  logger.o(.bss)
    fs                                       0x200003fc   Data        4144  logger.o(.bss)
    log_file                                 0x2000142c   Data        4132  logger.o(.bss)
    ReadBuffer                               0x20002450   Data        1024  logger.o(.bss)
    __initial_sp                             0x20002c50   Data           0  startup_stm32f10x_hd.o(STACK)



==============================================================================

Memory Map of the image

  Image Entry point : 0x08000131

  Load Region LR_IROM1 (Base: 0x08000000, Size: 0x00009838, Max: 0x00080000, ABSOLUTE)

    Execution Region ER_IROM1 (Exec base: 0x08000000, Load base: 0x08000000, Size: 0x000097d0, Max: 0x00080000, ABSOLUTE)

    Exec Addr    Load Addr    Size         Type   Attr      Idx    E Section Name        Object

    0x08000000   0x08000000   0x00000130   Data   RO            3    RESET               startup_stm32f10x_hd.o
    0x08000130   0x08000130   0x00000000   Code   RO          716  * .ARM.Collect$$$$00000000  mc_w.l(entry.o)
    0x08000130   0x08000130   0x00000004   Code   RO         1000    .ARM.Collect$$$$00000001  mc_w.l(entry2.o)
    0x08000134   0x08000134   0x00000004   Code   RO         1003    .ARM.Collect$$$$00000004  mc_w.l(entry5.o)
    0x08000138   0x08000138   0x00000000   Code   RO         1005    .ARM.Collect$$$$00000008  mc_w.l(entry7b.o)
    0x08000138   0x08000138   0x00000000   Code   RO         1007    .ARM.Collect$$$$0000000A  mc_w.l(entry8b.o)
    0x08000138   0x08000138   0x00000008   Code   RO         1008    .ARM.Collect$$$$0000000B  mc_w.l(entry9a.o)
    0x08000140   0x08000140   0x00000000   Code   RO         1010    .ARM.Collect$$$$0000000D  mc_w.l(entry10a.o)
    0x08000140   0x08000140   0x00000000   Code   RO         1012    .ARM.Collect$$$$0000000F  mc_w.l(entry11a.o)
    0x08000140   0x08000140   0x00000004   Code   RO         1001    .ARM.Collect$$$$00002712  mc_w.l(entry2.o)
    0x08000144   0x08000144   0x00000024   Code   RO            4    .text               startup_stm32f10x_hd.o
    0x08000168   0x08000168   0x000001e0   Code   RO           24    .text               system_stm32f10x.o
    0x08000348   0x08000348   0x000000dc   Code   RO          121    .text               misc.o
    0x08000424   0x08000424   0x0000044e   Code   RO          137    .text               stm32f10x_adc.o
    0x08000872   0x08000872   0x00000002   PAD
    0x08000874   0x08000874   0x000000c4   Code   RO          149    .text               stm32f10x_bkp.o
    0x08000938   0x08000938   0x00000254   Code   RO          221    .text               stm32f10x_dma.o
    0x08000b8c   0x08000b8c   0x0000011c   Code   RO          233    .text               stm32f10x_exti.o
    0x08000ca8   0x08000ca8   0x0000035c   Code   RO          269    .text               stm32f10x_gpio.o
    0x08001004   0x08001004   0x000000cc   Code   RO          305    .text               stm32f10x_pwr.o
    0x080010d0   0x080010d0   0x000003a4   Code   RO          317    .text               stm32f10x_rcc.o
    0x08001474   0x08001474   0x00000148   Code   RO          331    .text               stm32f10x_rtc.o
    0x080015bc   0x080015bc   0x000001d4   Code   RO          343    .text               stm32f10x_sdio.o
    0x08001790   0x08001790   0x00000e1a   Code   RO          367    .text               stm32f10x_tim.o
    0x080025aa   0x080025aa   0x00000002   PAD
    0x080025ac   0x080025ac   0x00000408   Code   RO          379    .text               stm32f10x_usart.o
    0x080029b4   0x080029b4   0x000001b8   Code   RO          403    .text               main.o
    0x08002b6c   0x08002b6c   0x0000006c   Code   RO          460    .text               stm32f10x_it.o
    0x08002bd8   0x08002bd8   0x00000012   Code   RO          476    .text               delay.o
    0x08002bea   0x08002bea   0x00000002   PAD
    0x08002bec   0x08002bec   0x000001e0   Code   RO          488    .text               diskio.o
    0x08002dcc   0x08002dcc   0x00003006   Code   RO          513    .text               ff.o
    0x08005dd2   0x08005dd2   0x00000002   PAD
    0x08005dd4   0x08005dd4   0x000000a8   Code   RO          536    .text               unicode.o
    0x08005e7c   0x08005e7c   0x00000078   Code   RO          562    .text               bsp_tim.o
    0x08005ef4   0x08005ef4   0x00000134   Code   RO          577    .text               bsp_rtc.o
    0x08006028   0x08006028   0x00000120   Code   RO          595    .text               bsp_adc.o
    0x08006148   0x08006148   0x000000e8   Code   RO          610    .text               bsp_led.o
    0x08006230   0x08006230   0x000001a4   Code   RO          625    .text               bsp_usart.o
    0x080063d4   0x080063d4   0x000016fc   Code   RO          637    .text               bsp_sdio_sdcard.o
    0x08007ad0   0x08007ad0   0x00000390   Code   RO          676    .text               logger.o
    0x08007e60   0x08007e60   0x00000062   Code   RO          719    .text               mc_w.l(uldiv.o)
    0x08007ec2   0x08007ec2   0x00000024   Code   RO          721    .text               mc_w.l(memcpya.o)
    0x08007ee6   0x08007ee6   0x0000000e   Code   RO          723    .text               mc_w.l(strlen.o)
    0x08007ef4   0x08007ef4   0x0000007c   Code   RO          988    .text               mf_w.l(fdiv.o)
    0x08007f70   0x08007f70   0x000000e4   Code   RO          990    .text               mf_w.l(dmul.o)
    0x08008054   0x08008054   0x0000000a   Code   RO          992    .text               mf_w.l(ffltui.o)
    0x0800805e   0x0800805e   0x00000026   Code   RO          994    .text               mf_w.l(f2d.o)
    0x08008084   0x08008084   0x00000038   Code   RO          996    .text               mf_w.l(d2f.o)
    0x080080bc   0x080080bc   0x00000014   Code   RO          998    .text               mf_w.l(cfrcmple.o)
    0x080080d0   0x080080d0   0x0000002c   Code   RO         1015    .text               mc_w.l(uidiv.o)
    0x080080fc   0x080080fc   0x0000001e   Code   RO         1017    .text               mc_w.l(llshl.o)
    0x0800811a   0x0800811a   0x00000020   Code   RO         1019    .text               mc_w.l(llushr.o)
    0x0800813a   0x0800813a   0x00000000   Code   RO         1021    .text               mc_w.l(iusefp.o)
    0x0800813a   0x0800813a   0x0000006e   Code   RO         1022    .text               mf_w.l(fepilogue.o)
    0x080081a8   0x080081a8   0x000000ba   Code   RO         1024    .text               mf_w.l(depilogue.o)
    0x08008262   0x08008262   0x0000014e   Code   RO         1026    .text               mf_w.l(dadd.o)
    0x080083b0   0x080083b0   0x000000de   Code   RO         1028    .text               mf_w.l(ddiv.o)
    0x0800848e   0x0800848e   0x00000030   Code   RO         1030    .text               mf_w.l(dfixul.o)
    0x080084be   0x080084be   0x00000002   PAD
    0x080084c0   0x080084c0   0x00000030   Code   RO         1032    .text               mf_w.l(cdrcmple.o)
    0x080084f0   0x080084f0   0x00000024   Code   RO         1034    .text               mc_w.l(init.o)
    0x08008514   0x08008514   0x00000024   Code   RO         1036    .text               mc_w.l(llsshr.o)
    0x08008538   0x08008538   0x00000020   Code   RO          960    i.__0printf         mc_w.l(printfa.o)
    0x08008558   0x08008558   0x00000028   Code   RO          962    i.__0sprintf        mc_w.l(printfa.o)
    0x08008580   0x08008580   0x0000000e   Code   RO         1040    i.__scatterload_copy  mc_w.l(handlers.o)
    0x0800858e   0x0800858e   0x00000002   Code   RO         1041    i.__scatterload_null  mc_w.l(handlers.o)
    0x08008590   0x08008590   0x0000000e   Code   RO         1042    i.__scatterload_zeroinit  mc_w.l(handlers.o)
    0x0800859e   0x0800859e   0x00000002   PAD
    0x080085a0   0x080085a0   0x00000164   Code   RO          967    i._fp_digits        mc_w.l(printfa.o)
    0x08008704   0x08008704   0x000006dc   Code   RO          968    i._printf_core      mc_w.l(printfa.o)
    0x08008de0   0x08008de0   0x00000024   Code   RO          969    i._printf_post_padding  mc_w.l(printfa.o)
    0x08008e04   0x08008e04   0x0000002e   Code   RO          970    i._printf_pre_padding  mc_w.l(printfa.o)
    0x08008e32   0x08008e32   0x0000000a   Code   RO          972    i._sputc            mc_w.l(printfa.o)
    0x08008e3c   0x08008e3c   0x000000ba   Data   RO          515    .constdata          ff.o
    0x08008ef6   0x08008ef6   0x000008b8   Data   RO          537    .constdata          unicode.o
    0x080097ae   0x080097ae   0x00000002   PAD
    0x080097b0   0x080097b0   0x00000020   Data   RO         1038    Region$$Table       anon$$obj.o


    Execution Region RW_IRAM1 (Exec base: 0x20000000, Load base: 0x080097d0, Size: 0x00002c50, Max: 0x00010000, ABSOLUTE)

    Exec Addr    Load Addr    Size         Type   Attr      Idx    E Section Name        Object

    0x20000000   0x080097d0   0x00000014   Data   RW           25    .data               system_stm32f10x.o
    0x20000014   0x080097e4   0x00000014   Data   RW          318    .data               stm32f10x_rcc.o
    0x20000028   0x080097f8   0x0000000c   Data   RW          404    .data               main.o
    0x20000034   0x08009804   0x0000000a   Data   RW          516    .data               ff.o
    0x2000003e   0x0800980e   0x00000001   Data   RW          563    .data               bsp_tim.o
    0x2000003f   0x0800980f   0x00000001   Data   RW          578    .data               bsp_rtc.o
    0x20000040   0x08009810   0x00000002   Data   RW          596    .data               bsp_adc.o
    0x20000042   0x08009812   0x00000002   PAD
    0x20000044   0x08009814   0x00000014   Data   RW          639    .data               bsp_sdio_sdcard.o
    0x20000058   0x08009828   0x0000000c   Data   RW          678    .data               logger.o
    0x20000064   0x08009834   0x00000004   Data   RW         1014    .data               mc_w.l(stdout.o)
    0x20000068        -       0x00000200   Zero   RW          514    .bss                ff.o
    0x20000268        -       0x000000cc   Zero   RW          638    .bss                bsp_sdio_sdcard.o
    0x20000334        -       0x0000251c   Zero   RW          677    .bss                logger.o
    0x20002850        -       0x00000400   Zero   RW            1    STACK               startup_stm32f10x_hd.o


==============================================================================

Image component sizes


      Code (inc. data)   RO Data    RW Data    ZI Data      Debug   Object Name

       288         18          0          2          0       1501   bsp_adc.o
       232         10          0          0          0       1025   bsp_led.o
       308          8          0          1          0       2090   bsp_rtc.o
      5884        212          0         20        204      17232   bsp_sdio_sdcard.o
       120          4          0          1          0       1342   bsp_tim.o
       420          8          0          0          0       2518   bsp_usart.o
         0          0          0          0          0       4504   core_cm3.o
        18          0          0          0          0        816   delay.o
       480          8          0          0          0       7419   diskio.o
     12294        218        186         10        512      31772   ff.o
       912        384          0         12       9500       3398   logger.o
       440        158          0         12          0       8180   main.o
       220         22          0          0          0       1837   misc.o
        36          8        304          0       1024        936   startup_stm32f10x_hd.o
      1102         26          0          0          0      10869   stm32f10x_adc.o
       196          8          0          0          0       3500   stm32f10x_bkp.o
       596          8          0          0          0       4366   stm32f10x_dma.o
       284         10          0          0          0       2271   stm32f10x_exti.o
       860         38          0          0          0       5681   stm32f10x_gpio.o
       108         12          0          0          0       1682   stm32f10x_it.o
       204         14          0          0          0       1931   stm32f10x_pwr.o
       932         36          0         20          0       8868   stm32f10x_rcc.o
       328          4          0          0          0       2686   stm32f10x_rtc.o
       468         22          0          0          0       7124   stm32f10x_sdio.o
      3610         88          0          0          0      22168   stm32f10x_tim.o
      1032         22          0          0          0       8408   stm32f10x_usart.o
       480         38          0         20          0     280807   system_stm32f10x.o
       168         14       2232          0          0       2061   unicode.o

    ----------------------------------------------------------------------
     32028       1398       2756        100      11240     446992   Object Totals
         0          0         32          0          0          0   (incl. Generated)
         8          0          2          2          0          0   (incl. Padding)

    ----------------------------------------------------------------------

      Code (inc. data)   RO Data    RW Data    ZI Data      Debug   Library Member Name

         0          0          0          0          0          0   entry.o
         0          0          0          0          0          0   entry10a.o
         0          0          0          0          0          0   entry11a.o
         8          4          0          0          0          0   entry2.o
         4          0          0          0          0          0   entry5.o
         0          0          0          0          0          0   entry7b.o
         0          0          0          0          0          0   entry8b.o
         8          4          0          0          0          0   entry9a.o
        30          0          0          0          0          0   handlers.o
        36          8          0          0          0         68   init.o
         0          0          0          0          0          0   iusefp.o
        30          0          0          0          0         68   llshl.o
        36          0          0          0          0         68   llsshr.o
        32          0          0          0          0         68   llushr.o
        36          0          0          0          0         68   memcpya.o
      2276         96          0          0          0        596   printfa.o
         0          0          0          4          0          0   stdout.o
        14          0          0          0          0         68   strlen.o
        44          0          0          0          0         80   uidiv.o
        98          0          0          0          0         92   uldiv.o
        48          0          0          0          0         68   cdrcmple.o
        20          0          0          0          0         68   cfrcmple.o
        56          0          0          0          0         88   d2f.o
       334          0          0          0          0        148   dadd.o
       222          0          0          0          0        100   ddiv.o
       186          0          0          0          0        176   depilogue.o
        48          0          0          0          0         68   dfixul.o
       228          0          0          0          0         96   dmul.o
        38          0          0          0          0         68   f2d.o
       124          0          0          0          0         88   fdiv.o
       110          0          0          0          0        168   fepilogue.o
        10          0          0          0          0         68   ffltui.o

    ----------------------------------------------------------------------
      4080        112          0          4          0       2380   Library Totals
         4          0          0          0          0          0   (incl. Padding)

    ----------------------------------------------------------------------

      Code (inc. data)   RO Data    RW Data    ZI Data      Debug   Library Name

      2652        112          0          4          0       1176   mc_w.l
      1424          0          0          0          0       1204   mf_w.l

    ----------------------------------------------------------------------
      4080        112          0          4          0       2380   Library Totals

    ----------------------------------------------------------------------

==============================================================================


      Code (inc. data)   RO Data    RW Data    ZI Data      Debug   

     36108       1510       2756        104      11240     445364   Grand Totals
     36108       1510       2756        104      11240     445364   ELF Image Totals
     36108       1510       2756        104          0          0   ROM Totals

==============================================================================

    Total RO  Size (Code + RO Data)                38864 (  37.95kB)
    Total RW  Size (RW Data + ZI Data)             11344 (  11.08kB)
    Total ROM Size (Code + RO Data + RW Data)      38968 (  38.05kB)

==============================================================================

